
[03:23:19] resetting environment

[03:23:24] run capture-pressure-20260913T215324Z

[03:23:24] starting PostgreSQL, Kafka, ClickHouse (seeding 2000000 + 500000 rows)
 Network cdc-lab_lab Creating 
 Network cdc-lab_lab Created 
 Volume cdc-lab_ch-data Creating 
 Volume cdc-lab_ch-data Created 
 Volume cdc-lab_pg-data Creating 
 Volume cdc-lab_pg-data Created 
 Container cdc-lab-clickhouse-1 Creating 
 Container cdc-lab-postgres-1 Creating 
 Container cdc-lab-kafka-1 Creating 
 Container cdc-lab-clickhouse-1 Created 
 Container cdc-lab-kafka-1 Created 
 Container cdc-lab-postgres-1 Created 
 Container cdc-lab-kafka-1 Starting 
 Container cdc-lab-clickhouse-1 Starting 
 Container cdc-lab-postgres-1 Starting 
 Container cdc-lab-kafka-1 Started 
 Container cdc-lab-clickhouse-1 Started 
 Container cdc-lab-postgres-1 Started 
 Container cdc-lab-postgres-1 Waiting 
 Container cdc-lab-kafka-1 Waiting 
 Container cdc-lab-clickhouse-1 Waiting 
 Container cdc-lab-postgres-1 Healthy 
 Container cdc-lab-clickhouse-1 Healthy 
 Container cdc-lab-kafka-1 Healthy 
 Container cdc-lab-kafka-1 Running 
 Container cdc-lab-clickhouse-1 Running 
 Container cdc-lab-postgres-1 Running 
 Container cdc-lab-tools-1 Creating 
 Container cdc-lab-collector-1 Creating 
 Container cdc-lab-collector-1 Created 
 Container cdc-lab-tools-1 Created 
 Container cdc-lab-kafka-1 Waiting 
 Container cdc-lab-postgres-1 Waiting 
 Container cdc-lab-kafka-1 Waiting 
 Container cdc-lab-clickhouse-1 Waiting 
 Container cdc-lab-kafka-1 Healthy 
 Container cdc-lab-kafka-1 Healthy 
 Container cdc-lab-tools-1 Starting 
 Container cdc-lab-clickhouse-1 Healthy 
 Container cdc-lab-postgres-1 Healthy 
 Container cdc-lab-collector-1 Starting 
 Container cdc-lab-collector-1 Started 
 Container cdc-lab-tools-1 Started 
 Container cdc-lab-kafka-1 Running 
 Container cdc-lab-postgres-1 Running 
 Container cdc-lab-connect-1-1 Creating 
 Container cdc-lab-connect-1-1 Created 
 Container cdc-lab-kafka-1 Waiting 
 Container cdc-lab-postgres-1 Waiting 
 Container cdc-lab-kafka-1 Healthy 
 Container cdc-lab-postgres-1 Healthy 
 Container cdc-lab-connect-1-1 Starting 
 Container cdc-lab-connect-1-1 Started 
{"ts_ms":1789336422734,"event":"connect-worker-ready","detail":{"worker":"connect-1","attempt":1}}
 Container cdc-lab-kafka-1 Running 
 Container cdc-lab-postgres-1 Running 
 Container cdc-lab-connect-2-1 Creating 
 Container cdc-lab-connect-2-1 Created 
 Container cdc-lab-kafka-1 Waiting 
 Container cdc-lab-postgres-1 Waiting 
 Container cdc-lab-postgres-1 Healthy 
 Container cdc-lab-kafka-1 Healthy 
 Container cdc-lab-connect-2-1 Starting 
 Container cdc-lab-connect-2-1 Started 
{"ts_ms":1789336433607,"event":"connect-worker-ready","detail":{"worker":"connect-2","attempt":1}}
{"ts_ms":1789336434568,"event":"environment-ready","detail":{"postgres": "18.6 (Debian 18.6-1.pgdg13+2)", "clickhouse": "26.8.3.105", "kafka_image": "apache/kafka:4.3.1", "debezium_image": "quay.io/debezium/connect:3.6.2.Final", "connect": {"kafka_connect": "4.3.0", "postgres_plugin": [{"class": "io.debezium.connector.postgresql.PostgresConnector", "type": "source", "version": "3.6.2.Final"}]}, "docker_cpus": 15, "docker_memory_bytes": 8321011712, "host": "Apple M5 Pro"}}
{"ts_ms":1789336434593,"event":"connector-register","detail":{"snapshot.mode":"initial"}}
201 {"name":"pg-devices","config":{"connector.class":"io.debezium.connector.postgresql.PostgresConnector","tasks.max":"1","database.hostname":"postgres","database.port":"5432","database.dbname":"devices","database.user":"cdc_capture","database.password":"${env:CDC_CAPTURE_PASSWORD}","topic.prefix":"pg-devices","plugin.name":"pgoutput","slot.name":"cdc_devices_clickhouse","publication.name":"cdc_devices","publication.autocreate.mode":"disabled","table.include.list":"ops.device_registry,ops.device_sta
 Container cdc-lab-kafka-1 Running 
 Container cdc-lab-clickhouse-1 Running 
 Container cdc-lab-sink-2 Creating 
 Container cdc-lab-sink-1 Creating 
 Container cdc-lab-sink-2 Created 
 Container cdc-lab-sink-1 Created 
 Container cdc-lab-kafka-1 Waiting 
 Container cdc-lab-clickhouse-1 Waiting 
 Container cdc-lab-clickhouse-1 Healthy 
 Container cdc-lab-kafka-1 Healthy 
 Container cdc-lab-sink-1 Starting 
 Container cdc-lab-sink-1 Started 
 Container cdc-lab-sink-2 Starting 
 Container cdc-lab-sink-2 Started 
RUNNING

[03:23:56] load: source=2500000 clickhouse=10000

[03:24:11] load: source=2500000 clickhouse=1111673

[03:24:27] load: source=2500000 clickhouse=2387234

[03:24:42] load: source=2500000 clickhouse=2500000
{"ts_ms":1789336482624,"event":"initial-load-complete","detail":{}}
{"ts_ms":1789336482652,"event":"generator-rate","detail":{"rate":20000}}
 Container cdc-lab-postgres-1 Running 
 Container cdc-lab-generator-1 Creating 
 Container cdc-lab-generator-1 Created 
 Container cdc-lab-postgres-1 Waiting 
 Container cdc-lab-postgres-1 Healthy 
 Container cdc-lab-generator-1 Starting 
 Container cdc-lab-generator-1 Started 
{"ts_ms":1789336483601,"event":"baseline-start","detail":{"lambda":20000}}
{"ts_ms":1789336603705,"event":"kafka-paused","detail":{"retained_wal_bytes":369106632}}
{"ts_ms":1789336844048,"event":"kafka-unpaused","detail":{"retained_wal_bytes":1477680296}}

[03:32:49] reached: capture and sink caught up
{"ts_ms":1789336969128,"event":"caught-up","detail":{"seconds_after_unpause":124}}
{"ts_ms":1789337089212,"event":"generator-rate","detail":{"rate":0}}
 Container cdc-lab-generator-1 Stopping 
 Container cdc-lab-generator-1 Stopped 
{"ts_ms":1789337090730,"event":"generator-stopped","detail":{}}
waiting: end_offsets=15607993 lag=0
waiting: end_offsets=15607993 lag=0
waiting: end_offsets=15607993 lag=0
waiting: end_offsets=15607993 lag=0
waiting: end_offsets=15607993 lag=0
waiting: end_offsets=15607993 lag=0
waiting: end_offsets=15607993 lag=0
waiting: end_offsets=15607993 lag=0
waiting: end_offsets=15607993 lag=0
waiting: end_offsets=15607993 lag=0
waiting: end_offsets=15607993 lag=0
waiting: end_offsets=15607993 lag=0
waiting: end_offsets=15607993 lag=0
waiting: end_offsets=15607993 lag=0
waiting: end_offsets=15607993 lag=0
waiting: end_offsets=15607993 lag=0
waiting: end_offsets=15607993 lag=0
waiting: end_offsets=15607993 lag=0
waiting: end_offsets=15607993 lag=0
quiet: end offsets 15607993 unchanged for 90s, sink lag 0
{
 "label": "final",
 "ts_ms": 1789337186523,
 "contract_version": 1,
 "tables": {
  "device_registry": {
   "columns_compared": [
    "device_id",
    "tenant_id",
    "serial_number",
    "model",
    "gateway_id",
    "status",
    "firmware_version",
    "updated_at_ms"
   ],
   "source_rows": 2084577,
   "clickhouse_logical_rows": 2084577,
   "clickhouse_logical_duplicate_keys": 0,
   "clickhouse_physical_rows": 2115681,
   "clickhouse_physical_extra_versions": 18381,
   "mismatched_buckets": 0,
   "missing_in_clickhouse": 0,
   "ghost_rows_in_clickhouse": 0,
   "content_mismatches": 0,
   "samples": {
    "missing": [],
    "ghost": [],
    "content": []
   },
   "evidence": {},
   "converged": true,
   "seconds": 3.2
  },
  "device_status": {
   "columns_compared": [
    "device_id",
    "tenant_id",
    "battery_pct",
    "signal_dbm",
    "connectivity",
    "last_seen_ms",
    "updated_at_ms"
   ],
   "source_rows": 500000,
   "clickhouse_logical_rows": 500000,
   "clickhouse_logical_duplicate_keys": 0,
   "clickhouse_physical_rows": 1250548,
   "clickhouse_physical_extra_versions": 750548,
   "mismatched_buckets": 0,
   "missing_in_clickhouse": 0,
   "ghost_rows_in_clickhouse": 0,
   "content_mismatches": 0,
   "samples": {
    "missing": [],
    "ghost": [],
    "content": []
   },
   "evidence": {},
   "converged": true,
   "seconds": 0.7
  }
 },
 "history": {
  "deliveries": 15606629,
  "distinct_change_events": 14613203,
  "distinct_kafka_records": 15594341,
  "sink_replays": 12288,
  "capture_replays": 981138,
  "delete_deliveries": 13652,
  "snapshot_read_deliveries": 2500000
 },
 "version_ordering": {
  "device_registry": {
   "keys": 2097300,
   "last_event_differs": 0,
   "final_state_differs": 0,
   "sample_keys": []
  },
  "device_status": {
   "keys": 500000,
   "last_event_differs": 0,
   "final_state_differs": 0,
   "sample_keys": []
  }
 },
 "converged": true
}
{"ts_ms":1789337209299,"event":"oom-check","detail":{"cdc-lab-clickhouse-1":false,"cdc-lab-collector-1":false,"cdc-lab-connect-1-1":false,"cdc-lab-connect-2-1":false,"cdc-lab-generator-1":false,"cdc-lab-kafka-1":false,"cdc-lab-postgres-1":false,"cdc-lab-sink-1":false,"cdc-lab-sink-2":false,"cdc-lab-tools-1":false}}
{
 "outage_s": 240.3,
 "wal_growth_bytes_per_s": 5198799.5,
 "source_changes_per_s_during_outage": 20000.1,
 "source_changes_per_s_baseline": 20000.2,
 "retained_wal_bytes_at_unpause": 1477680296,
 "task_states_during_outage": [
  "RUNNING"
 ],
 "catch_up_s_after_unpause": 124,
 "peak_retained_wal_bytes": 1894886392
}
