
[02:43:35] resetting environment

[02:43:39] run history-loss-20260913T211339Z

[02:43:39] starting PostgreSQL, Kafka, ClickHouse (seeding 2000000 + 500000 rows)
 Network cdc-lab_lab Creating 
 Network cdc-lab_lab Created 
 Volume cdc-lab_ch-data Creating 
 Volume cdc-lab_ch-data Created 
 Volume cdc-lab_pg-data Creating 
 Volume cdc-lab_pg-data Created 
 Container cdc-lab-postgres-1 Creating 
 Container cdc-lab-clickhouse-1 Creating 
 Container cdc-lab-kafka-1 Creating 
 Container cdc-lab-clickhouse-1 Created 
 Container cdc-lab-postgres-1 Created 
 Container cdc-lab-kafka-1 Created 
 Container cdc-lab-clickhouse-1 Starting 
 Container cdc-lab-postgres-1 Starting 
 Container cdc-lab-kafka-1 Starting 
 Container cdc-lab-postgres-1 Started 
 Container cdc-lab-kafka-1 Started 
 Container cdc-lab-clickhouse-1 Started 
 Container cdc-lab-kafka-1 Waiting 
 Container cdc-lab-clickhouse-1 Waiting 
 Container cdc-lab-postgres-1 Waiting 
 Container cdc-lab-postgres-1 Healthy 
 Container cdc-lab-clickhouse-1 Healthy 
 Container cdc-lab-kafka-1 Healthy 
 Container cdc-lab-kafka-1 Running 
 Container cdc-lab-postgres-1 Running 
 Container cdc-lab-clickhouse-1 Running 
 Container cdc-lab-tools-1 Creating 
 Container cdc-lab-collector-1 Creating 
 Container cdc-lab-collector-1 Created 
 Container cdc-lab-tools-1 Created 
 Container cdc-lab-kafka-1 Waiting 
 Container cdc-lab-kafka-1 Waiting 
 Container cdc-lab-clickhouse-1 Waiting 
 Container cdc-lab-postgres-1 Waiting 
 Container cdc-lab-kafka-1 Healthy 
 Container cdc-lab-clickhouse-1 Healthy 
 Container cdc-lab-kafka-1 Healthy 
 Container cdc-lab-postgres-1 Healthy 
 Container cdc-lab-collector-1 Starting 
 Container cdc-lab-tools-1 Starting 
 Container cdc-lab-collector-1 Started 
 Container cdc-lab-tools-1 Started 
 Container cdc-lab-postgres-1 Running 
 Container cdc-lab-kafka-1 Running 
 Container cdc-lab-connect-1-1 Creating 
 Container cdc-lab-connect-1-1 Created 
 Container cdc-lab-kafka-1 Waiting 
 Container cdc-lab-postgres-1 Waiting 
 Container cdc-lab-kafka-1 Healthy 
 Container cdc-lab-postgres-1 Healthy 
 Container cdc-lab-connect-1-1 Starting 
 Container cdc-lab-connect-1-1 Started 
{"ts_ms":1789334037850,"event":"connect-worker-ready","detail":{"worker":"connect-1","attempt":1}}
 Container cdc-lab-kafka-1 Running 
 Container cdc-lab-postgres-1 Running 
 Container cdc-lab-connect-2-1 Creating 
 Container cdc-lab-connect-2-1 Created 
 Container cdc-lab-postgres-1 Waiting 
 Container cdc-lab-kafka-1 Waiting 
 Container cdc-lab-postgres-1 Healthy 
 Container cdc-lab-kafka-1 Healthy 
 Container cdc-lab-connect-2-1 Starting 
 Container cdc-lab-connect-2-1 Started 
{"ts_ms":1789334048621,"event":"connect-worker-ready","detail":{"worker":"connect-2","attempt":1}}
{"ts_ms":1789334049522,"event":"environment-ready","detail":{"postgres": "18.6 (Debian 18.6-1.pgdg13+2)", "clickhouse": "26.8.3.105", "kafka_image": "apache/kafka:4.3.1", "debezium_image": "quay.io/debezium/connect:3.6.2.Final", "connect": {"kafka_connect": "4.3.0", "postgres_plugin": [{"class": "io.debezium.connector.postgresql.PostgresConnector", "type": "source", "version": "3.6.2.Final"}]}, "docker_cpus": 15, "docker_memory_bytes": 8321011712, "host": "Apple M5 Pro"}}
{"ts_ms":1789334049549,"event":"connector-register","detail":{"snapshot.mode":"initial"}}
201 {"name":"pg-devices","config":{"connector.class":"io.debezium.connector.postgresql.PostgresConnector","tasks.max":"1","database.hostname":"postgres","database.port":"5432","database.dbname":"devices","database.user":"cdc_capture","database.password":"${env:CDC_CAPTURE_PASSWORD}","topic.prefix":"pg-devices","plugin.name":"pgoutput","slot.name":"cdc_devices_clickhouse","publication.name":"cdc_devices","publication.autocreate.mode":"disabled","table.include.list":"ops.device_registry,ops.device_sta
 Container cdc-lab-kafka-1 Running 
 Container cdc-lab-clickhouse-1 Running 
 Container cdc-lab-sink-2 Creating 
 Container cdc-lab-sink-1 Creating 
 Container cdc-lab-sink-1 Created 
 Container cdc-lab-sink-2 Created 
 Container cdc-lab-kafka-1 Waiting 
 Container cdc-lab-clickhouse-1 Waiting 
 Container cdc-lab-clickhouse-1 Healthy 
 Container cdc-lab-kafka-1 Healthy 
 Container cdc-lab-sink-2 Starting 
 Container cdc-lab-sink-2 Started 
 Container cdc-lab-sink-1 Starting 
 Container cdc-lab-sink-1 Started 
RUNNING

[02:44:11] load: source=2500000 clickhouse=10000

[02:44:27] load: source=2500000 clickhouse=1158727

[02:44:42] load: source=2500000 clickhouse=2348124

[02:44:58] load: source=2500000 clickhouse=2500000
{"ts_ms":1789334098173,"event":"initial-load-complete","detail":{}}
{"ts_ms":1789334098198,"event":"generator-rate","detail":{"rate":20000}}
 Container cdc-lab-postgres-1 Running 
 Container cdc-lab-generator-1 Creating 
 Container cdc-lab-generator-1 Created 
 Container cdc-lab-postgres-1 Waiting 
 Container cdc-lab-postgres-1 Healthy 
 Container cdc-lab-generator-1 Starting 
 Container cdc-lab-generator-1 Started 
{"ts_ms":1789334099133,"event":"baseline-start","detail":{"lambda":20000}}

[02:46:29] bounding slot WAL retention to 1GB, then stopping capture
{"ts_ms":1789334189610,"event":"slot-retention-bounded","detail":{"max_slot_wal_keep_size":"1GB"}}
204 
UNASSIGNED
{"ts_ms":1789334190180,"event":"capture-stopped","detail":{"confirmed_flush_lsn":"0/42703148"}}

[02:46:30] application keeps writing; checkpoint until the slot loses its history
{"ts_ms":1789334314266,"event":"source-history-lost","detail":{"wal_status":"lost","invalidation_reason":"wal_removed"}}

[02:48:34] attempting normal resume
202 
timeout waiting for FAILED; last status: {"name": "pg-devices", "connector": {"state": "RUNNING", "worker_id": "connect-1:8083", "version": "3.6.2.Final"}, "tasks": [], "type": "source"}
{"ts_ms":1789334495406,"event":"normal-resume-not-refused","detail":{"name": "pg-devices", "connector": {"state": "RUNNING", "worker_id": "connect-1:8083", "version": "3.6.2.Final"}, "tasks": [], "type": "source"}}
{"ts_ms":1789334585466,"event":"evidence-window-closed","detail":{}}

[02:53:05] operator recovery: reset offsets, drop the lost slot, resnapshot
{"ts_ms":1789334585491,"event":"recovery-start","detail":{}}
204 
UNASSIGNED
200 {"message":"The Connect framework-managed offsets for this connector have been reset successfully. However, if this connector manages offsets externally, they will need to be manually reset in the system that the connector uses."}
{"ts_ms":1789334598540,"event":"resnapshot-start","detail":{"ts_ms":1789334598519,"source_rows":2569779}}
202 
RUNNING
{"ts_ms":1789334646377,"event":"resnapshot-reads-applied","detail":{"reads":2569819}}
{"ts_ms":1789334646408,"event":"generator-rate","detail":{"rate":0}}
 Container cdc-lab-generator-1 Stopping 
 Container cdc-lab-generator-1 Stopped 
{"ts_ms":1789334647761,"event":"generator-stopped","detail":{}}
waiting: end_offsets=7828050 lag=0
waiting: end_offsets=7828050 lag=0
waiting: end_offsets=7828050 lag=0
waiting: end_offsets=7828050 lag=0
waiting: end_offsets=7828050 lag=0
waiting: end_offsets=7828050 lag=0
waiting: end_offsets=7828050 lag=0
waiting: end_offsets=7828050 lag=0
waiting: end_offsets=7828050 lag=0
waiting: end_offsets=7828050 lag=0
waiting: end_offsets=7828050 lag=0
waiting: end_offsets=7828050 lag=0
waiting: end_offsets=7828050 lag=0
waiting: end_offsets=7828050 lag=0
waiting: end_offsets=7828050 lag=0
waiting: end_offsets=7828050 lag=0
waiting: end_offsets=7828050 lag=0
waiting: end_offsets=7828050 lag=0
waiting: end_offsets=7828050 lag=0
quiet: end offsets 7828050 unchanged for 90s, sink lag 0
{
 "label": "after-resnapshot",
 "ts_ms": 1789334744119,
 "contract_version": 1,
 "tables": {
  "device_registry": {
   "columns_compared": [
    "device_id",
    "tenant_id",
    "serial_number",
    "model",
    "gateway_id",
    "status",
    "firmware_version",
    "updated_at_ms"
   ],
   "source_rows": 2077082,
   "clickhouse_logical_rows": 2085788,
   "clickhouse_logical_duplicate_keys": 0,
   "clickhouse_physical_rows": 3277618,
   "clickhouse_physical_extra_versions": 1188918,
   "mismatched_buckets": 3608,
   "missing_in_clickhouse": 0,
   "ghost_rows_in_clickhouse": 8706,
   "content_mismatches": 0,
   "samples": {
    "missing": [],
    "ghost": [
     207,
     271,
     4165,
     4196,
     4208,
     8258,
     8413,
     8433,
     8473,
     12515
    ],
    "content": []
   },
   "converged": false,
   "seconds": 11.4
  },
  "device_status": {
   "columns_compared": [
    "device_id",
    "tenant_id",
    "battery_pct",
    "signal_dbm",
    "connectivity",
    "last_seen_ms",
    "updated_at_ms"
   ],
   "source_rows": 500000,
   "clickhouse_logical_rows": 500000,
   "clickhouse_logical_duplicate_keys": 0,
   "clickhouse_physical_rows": 1340682,
   "clickhouse_physical_extra_versions": 840682,
   "mismatched_buckets": 0,
   "missing_in_clickhouse": 0,
   "ghost_rows_in_clickhouse": 0,
   "content_mismatches": 0,
   "samples": {
    "missing": [],
    "ghost": [],
    "content": []
   },
   "converged": true,
   "seconds": 0.7
  }
 },
 "history": {
  "deliveries": 7825138,
  "distinct_change_events": 7825138,
  "distinct_kafka_records": 7825138,
  "sink_replays": 0,
  "capture_replays": 0,
  "delete_deliveries": 2912,
  "snapshot_read_deliveries": 5069819
 },
 "converged": false
}

[02:55:59] sweep: rows not re-emitted since the resnapshot began were deleted while history was lost
{"ts_ms":1789334760903,"event":"resnapshot-sweep","detail":{"swept_registry":8706,"swept_status":0}}
{
 "label": "after-sweep",
 "ts_ms": 1789334761175,
 "contract_version": 1,
 "tables": {
  "device_registry": {
   "columns_compared": [
    "device_id",
    "tenant_id",
    "serial_number",
    "model",
    "gateway_id",
    "status",
    "firmware_version",
    "updated_at_ms"
   ],
   "source_rows": 2077082,
   "clickhouse_logical_rows": 2077082,
   "clickhouse_logical_duplicate_keys": 0,
   "clickhouse_physical_rows": 3286324,
   "clickhouse_physical_extra_versions": 1197624,
   "mismatched_buckets": 0,
   "missing_in_clickhouse": 0,
   "ghost_rows_in_clickhouse": 0,
   "content_mismatches": 0,
   "samples": {
    "missing": [],
    "ghost": [],
    "content": []
   },
   "converged": true,
   "seconds": 2.7
  },
  "device_status": {
   "columns_compared": [
    "device_id",
    "tenant_id",
    "battery_pct",
    "signal_dbm",
    "connectivity",
    "last_seen_ms",
    "updated_at_ms"
   ],
   "source_rows": 500000,
   "clickhouse_logical_rows": 500000,
   "clickhouse_logical_duplicate_keys": 0,
   "clickhouse_physical_rows": 1340682,
   "clickhouse_physical_extra_versions": 840682,
   "mismatched_buckets": 0,
   "missing_in_clickhouse": 0,
   "ghost_rows_in_clickhouse": 0,
   "content_mismatches": 0,
   "samples": {
    "missing": [],
    "ghost": [],
    "content": []
   },
   "converged": true,
   "seconds": 0.6
  }
 },
 "history": {
  "deliveries": 7825138,
  "distinct_change_events": 7825138,
  "distinct_kafka_records": 7825138,
  "sink_replays": 0,
  "capture_replays": 0,
  "delete_deliveries": 2912,
  "snapshot_read_deliveries": 5069819
 },
 "converged": true
}
{"ts_ms":1789334768491,"event":"oom-check","detail":{"cdc-lab-clickhouse-1":false,"cdc-lab-collector-1":false,"cdc-lab-connect-1-1":false,"cdc-lab-connect-2-1":false,"cdc-lab-generator-1":false,"cdc-lab-kafka-1":false,"cdc-lab-postgres-1":false,"cdc-lab-sink-1":false,"cdc-lab-sink-2":false,"cdc-lab-tools-1":false}}
{
 "capture-stopped": {
  "t_s": 152.3,
  "detail": {
   "confirmed_flush_lsn": "0/42703148"
  }
 },
 "source-history-lost": {
  "t_s": 276.4,
  "detail": {
   "wal_status": "lost",
   "invalidation_reason": "wal_removed"
  }
 },
 "normal-resume-not-refused": {
  "t_s": 457.6,
  "detail": {
   "name": "pg-devices",
   "connector": {
    "state": "RUNNING",
    "worker_id": "connect-1:8083",
    "version": "3.6.2.Final"
   },
   "tasks": [],
   "type": "source"
  }
 },
 "recovery-start": {
  "t_s": 547.6
 },
 "resnapshot-start": {
  "t_s": 560.7,
  "detail": {
   "ts_ms": 1789334598519,
   "source_rows": 2569779
  }
 },
 "resnapshot-sweep": {
  "t_s": 723.1,
  "detail": {
   "swept_registry": 8706,
   "swept_status": 0
  }
 },
 "alerts": [
  {
   "t_s": 153.7,
   "alert": "capture-unassigned",
   "state": "firing"
  },
  {
   "t_s": 255.7,
   "alert": "source-history-unreserved",
   "state": "firing"
  },
  {
   "t_s": 277.7,
   "alert": "source-history-lost",
   "state": "firing"
  },
  {
   "t_s": 277.7,
   "alert": "source-history-unreserved",
   "state": "resolved"
  },
  {
   "t_s": 561.9,
   "alert": "capture-unassigned",
   "state": "resolved"
  },
  {
   "t_s": 561.9,
   "alert": "source-history-lost",
   "state": "resolved"
  }
 ]
}
exit=0
