
=== 14:32:25Z · run-all started; lambda=20000; log results/run-all-20260923T143225Z.log

=== 14:32:25Z · 1/4 capacity

[21:32:25] resetting environment

[21:32:25] run capacity-20260923T143225Z

[21:32:25] starting PostgreSQL, Kafka, ClickHouse (seeding 2000000 + 500000 rows)
 Network cdc-lab_lab Creating 
 Network cdc-lab_lab Created 
 Volume cdc-lab_ch-data Creating 
 Volume cdc-lab_ch-data Created 
 Volume cdc-lab_pg-data Creating 
 Volume cdc-lab_pg-data Created 
 Container cdc-lab-clickhouse-1 Creating 
 Container cdc-lab-kafka-1 Creating 
 Container cdc-lab-postgres-1 Creating 
 Container cdc-lab-clickhouse-1 Created 
 Container cdc-lab-postgres-1 Created 
 Container cdc-lab-kafka-1 Created 
 Container cdc-lab-postgres-1 Starting 
 Container cdc-lab-kafka-1 Starting 
 Container cdc-lab-clickhouse-1 Starting 
 Container cdc-lab-kafka-1 Started 
 Container cdc-lab-postgres-1 Started 
 Container cdc-lab-clickhouse-1 Started 
 Container cdc-lab-clickhouse-1 Waiting 
 Container cdc-lab-kafka-1 Waiting 
 Container cdc-lab-postgres-1 Waiting 
 Container cdc-lab-postgres-1 Healthy 
 Container cdc-lab-clickhouse-1 Healthy 
 Container cdc-lab-kafka-1 Healthy 
 Container cdc-lab-clickhouse-1 Running 
 Container cdc-lab-postgres-1 Running 
 Container cdc-lab-kafka-1 Running 
 Container cdc-lab-collector-1 Creating 
 Container cdc-lab-tools-1 Creating 
 Container cdc-lab-tools-1 Created 
 Container cdc-lab-collector-1 Created 
 Container cdc-lab-kafka-1 Waiting 
 Container cdc-lab-postgres-1 Waiting 
 Container cdc-lab-kafka-1 Waiting 
 Container cdc-lab-clickhouse-1 Waiting 
 Container cdc-lab-kafka-1 Healthy 
 Container cdc-lab-tools-1 Starting 
 Container cdc-lab-kafka-1 Healthy 
 Container cdc-lab-postgres-1 Healthy 
 Container cdc-lab-clickhouse-1 Healthy 
 Container cdc-lab-collector-1 Starting 
 Container cdc-lab-collector-1 Started 
 Container cdc-lab-tools-1 Started 
 Container cdc-lab-postgres-1 Running 
 Container cdc-lab-kafka-1 Running 
 Container cdc-lab-connect-1-1 Creating 
 Container cdc-lab-connect-1-1 Created 
 Container cdc-lab-kafka-1 Waiting 
 Container cdc-lab-postgres-1 Waiting 
 Container cdc-lab-kafka-1 Healthy 
 Container cdc-lab-postgres-1 Healthy 
 Container cdc-lab-connect-1-1 Starting 
 Container cdc-lab-connect-1-1 Started 
{"ts_ms":1790173964338,"event":"connect-worker-ready","detail":{"worker":"connect-1","attempt":1}}
 Container cdc-lab-postgres-1 Running 
 Container cdc-lab-kafka-1 Running 
 Container cdc-lab-connect-2-1 Creating 
 Container cdc-lab-connect-2-1 Created 
 Container cdc-lab-postgres-1 Waiting 
 Container cdc-lab-kafka-1 Waiting 
 Container cdc-lab-kafka-1 Healthy 
 Container cdc-lab-postgres-1 Healthy 
 Container cdc-lab-connect-2-1 Starting 
 Container cdc-lab-connect-2-1 Started 
{"ts_ms":1790173975097,"event":"connect-worker-ready","detail":{"worker":"connect-2","attempt":1}}
{"ts_ms":1790173976006,"event":"environment-ready","detail":{"postgres": "18.6 (Debian 18.6-1.pgdg13+2)", "clickhouse": "26.8.3.105", "kafka_image": "apache/kafka:4.3.1", "debezium_image": "quay.io/debezium/connect:3.6.2.Final", "connect": {"kafka_connect": "4.3.0", "postgres_plugin": [{"class": "io.debezium.connector.postgresql.PostgresConnector", "type": "source", "version": "3.6.2.Final"}]}, "docker_cpus": 15, "docker_memory_bytes": 8321011712, "host": "Apple M5 Pro"}}
{"ts_ms":1790173976024,"event":"connector-register","detail":{"snapshot.mode":"initial"}}
201 {"name":"pg-devices","config":{"connector.class":"io.debezium.connector.postgresql.PostgresConnector","tasks.max":"1","database.hostname":"postgres","database.port":"5432","database.dbname":"devices","database.user":"cdc_capture","database.password":"${env:CDC_CAPTURE_PASSWORD}","topic.prefix":"pg-devices","plugin.name":"pgoutput","slot.name":"cdc_devices_clickhouse","publication.name":"cdc_devices","publication.autocreate.mode":"disabled","table.include.list":"ops.device_registry,ops.device_sta
 Container cdc-lab-kafka-1 Running 
 Container cdc-lab-clickhouse-1 Running 
 Container cdc-lab-sink-2 Creating 
 Container cdc-lab-sink-1 Creating 
 Container cdc-lab-sink-2 Created 
 Container cdc-lab-sink-1 Created 
 Container cdc-lab-clickhouse-1 Waiting 
 Container cdc-lab-kafka-1 Waiting 
 Container cdc-lab-kafka-1 Healthy 
 Container cdc-lab-clickhouse-1 Healthy 
 Container cdc-lab-sink-2 Starting 
 Container cdc-lab-sink-2 Started 
 Container cdc-lab-sink-1 Starting 
 Container cdc-lab-sink-1 Started 
RUNNING

[21:32:57] load: source=2500000 clickhouse=10000

[21:33:12] load: source=2500000 clickhouse=1074668

[21:33:28] load: source=2500000 clickhouse=2345778

[21:33:43] load: source=2500000 clickhouse=2500000
{"ts_ms":1790174023736,"event":"initial-load-complete","detail":{}}
 Container cdc-lab-sink-1 Stopping 
 Container cdc-lab-sink-2 Stopping 
 Container cdc-lab-sink-2 Stopped 
 Container cdc-lab-sink-1 Stopped 
{"ts_ms":1790174024393,"event":"generator-rate","detail":{"rate":0}}
 Container cdc-lab-postgres-1 Running 
 Container cdc-lab-generator-1 Creating 
 Container cdc-lab-generator-1 Created 
 Container cdc-lab-postgres-1 Waiting 
 Container cdc-lab-postgres-1 Healthy 
 Container cdc-lab-generator-1 Starting 
 Container cdc-lab-generator-1 Started 

[21:33:45] tasks.max=1: fill a WAL backlog at up to 150000/s for 90s, then drain it with no source load
200 {"name":"pg-devices","config":{"connector.class":"io.debezium.connector.postgresql.PostgresConnector","tasks.max":"1","database.hostname":"postgres","database.port":"5432","database.dbname":"devices","database.user":"cdc_capture","database.password":"${env:CDC_CAPTURE_PASSWORD}","topic.prefix":"pg-devices","plugin.name":"pgoutput","slot.name":"cdc_devices_clickhouse","publication.name":"cdc_devices","publication.autocreate.mode":"disabled","table.include.list":"ops.device_registry,ops.device_sta
RUNNING
{"ts_ms":1790174045795,"event":"phase-fill-tasks1-start","detail":{"rate":150000}}
{"ts_ms":1790174045816,"event":"generator-rate","detail":{"rate":150000}}
{"ts_ms":1790174135888,"event":"generator-rate","detail":{"rate":0}}
{"ts_ms":1790174135909,"event":"phase-fill-tasks1-end","detail":{}}
{"ts_ms":1790174135929,"event":"phase-catchup-tasks1-start","detail":{"tasks.max":1}}

[21:36:00] reached: capture caught up with tasks.max=1
{"ts_ms":1790174160316,"event":"phase-catchup-tasks1-end","detail":{}}

[21:36:00] tasks.max=4: fill a WAL backlog at up to 150000/s for 90s, then drain it with no source load
200 {"name":"pg-devices","config":{"connector.class":"io.debezium.connector.postgresql.PostgresConnector","tasks.max":"4","database.hostname":"postgres","database.port":"5432","database.dbname":"devices","database.user":"cdc_capture","database.password":"${env:CDC_CAPTURE_PASSWORD}","topic.prefix":"pg-devices","plugin.name":"pgoutput","slot.name":"cdc_devices_clickhouse","publication.name":"cdc_devices","publication.autocreate.mode":"disabled","table.include.list":"ops.device_registry,ops.device_sta
RUNNING
{"ts_ms":1790174181006,"event":"phase-fill-tasks4-start","detail":{"rate":150000}}
{"ts_ms":1790174181026,"event":"generator-rate","detail":{"rate":150000}}
{"ts_ms":1790174271093,"event":"generator-rate","detail":{"rate":0}}
{"ts_ms":1790174271118,"event":"phase-fill-tasks4-end","detail":{}}
{"ts_ms":1790174271140,"event":"phase-catchup-tasks4-start","detail":{"tasks.max":4}}

[21:38:03] reached: capture caught up with tasks.max=4
{"ts_ms":1790174283349,"event":"phase-catchup-tasks4-end","detail":{}}
200 {"name":"pg-devices","config":{"connector.class":"io.debezium.connector.postgresql.PostgresConnector","tasks.max":"1","database.hostname":"postgres","database.port":"5432","database.dbname":"devices","database.user":"cdc_capture","database.password":"${env:CDC_CAPTURE_PASSWORD}","topic.prefix":"pg-devices","plugin.name":"pgoutput","slot.name":"cdc_devices_clickhouse","publication.name":"cdc_devices","publication.autocreate.mode":"disabled","table.include.list":"ops.device_registry,ops.device_sta
 Container cdc-lab-generator-1 Stopping 
 Container cdc-lab-generator-1 Stopped 
{"ts_ms":1790174284867,"event":"generator-stopped","detail":{}}

[21:39:14] C1: drain the Kafka backlog with 1 sink process
{"ts_ms":1790174354949,"event":"phase-c1-start","detail":{"sink_processes":1}}
 Container cdc-lab-kafka-1 Running 
 Container cdc-lab-clickhouse-1 Running 
 Container cdc-lab-sink-2 Stopping 
 Container cdc-lab-sink-2 Stopped 
 Container cdc-lab-sink-2 Removing 
 Container cdc-lab-sink-2 Removed 
 Container cdc-lab-kafka-1 Waiting 
 Container cdc-lab-clickhouse-1 Waiting 
 Container cdc-lab-clickhouse-1 Healthy 
 Container cdc-lab-kafka-1 Healthy 
 Container cdc-lab-sink-1 Starting 
 Container cdc-lab-sink-1 Started 
{"ts_ms":1790174445870,"event":"phase-c1-end","detail":{}}

[21:40:45] C2: drain with 2 sink processes
{"ts_ms":1790174445899,"event":"phase-c2-start","detail":{"sink_processes":2}}
 Container cdc-lab-kafka-1 Running 
 Container cdc-lab-clickhouse-1 Running 
 Container cdc-lab-sink-1 Running 
 Container cdc-lab-sink-2 Creating 
 Container cdc-lab-sink-2 Created 
 Container cdc-lab-kafka-1 Waiting 
 Container cdc-lab-clickhouse-1 Waiting 
 Container cdc-lab-kafka-1 Healthy 
 Container cdc-lab-clickhouse-1 Healthy 
 Container cdc-lab-sink-2 Starting 
 Container cdc-lab-sink-2 Started 

[21:45:56] reached: backlog drained
{"ts_ms":1790174756992,"event":"phase-c2-end","detail":{}}
waiting: end_offsets=29213073 lag=0
waiting: end_offsets=29213073 lag=0
waiting: end_offsets=29213073 lag=0
waiting: end_offsets=29213073 lag=0
waiting: end_offsets=29213073 lag=0
waiting: end_offsets=29213073 lag=0
waiting: end_offsets=29213073 lag=0
waiting: end_offsets=29213073 lag=0
waiting: end_offsets=29213073 lag=0
waiting: end_offsets=29213073 lag=0
waiting: end_offsets=29213073 lag=0
waiting: end_offsets=29213073 lag=0
waiting: end_offsets=29213073 lag=0
quiet: end offsets 29213073 unchanged for 60s, sink lag 0
{
 "label": "capacity",
 "ts_ms": 1790174822624,
 "contract_version": 1,
 "tables": {
  "device_registry": {
   "columns_compared": [
    "device_id",
    "tenant_id",
    "serial_number",
    "model",
    "gateway_id",
    "status",
    "firmware_version",
    "updated_at_ms"
   ],
   "source_rows": 2185084,
   "clickhouse_logical_rows": 2185084,
   "clickhouse_logical_duplicate_keys": 0,
   "clickhouse_physical_rows": 3146145,
   "clickhouse_physical_extra_versions": 931995,
   "mismatched_buckets": 0,
   "missing_in_clickhouse": 0,
   "ghost_rows_in_clickhouse": 0,
   "content_mismatches": 0,
   "samples": {
    "missing": [],
    "ghost": [],
    "content": []
   },
   "evidence": {},
   "converged": true,
   "seconds": 3.1
  },
  "device_status": {
   "columns_compared": [
    "device_id",
    "tenant_id",
    "battery_pct",
    "signal_dbm",
    "connectivity",
    "last_seen_ms",
    "updated_at_ms"
   ],
   "source_rows": 500000,
   "clickhouse_logical_rows": 500000,
   "clickhouse_logical_duplicate_keys": 0,
   "clickhouse_physical_rows": 1279851,
   "clickhouse_physical_extra_versions": 779851,
   "mismatched_buckets": 0,
   "missing_in_clickhouse": 0,
   "ghost_rows_in_clickhouse": 0,
   "content_mismatches": 0,
   "samples": {
    "missing": [],
    "ghost": [],
    "content": []
   },
   "evidence": {},
   "converged": true,
   "seconds": 0.6
  }
 },
 "history": {
  "deliveries": 29184007,
  "distinct_change_events": 29184007,
  "distinct_kafka_records": 29184007,
  "sink_replays": 0,
  "capture_replays": 0,
  "delete_deliveries": 29066,
  "snapshot_read_deliveries": 2500000
 },
 "version_ordering": {
  "device_registry": {
   "keys": 2214150,
   "last_event_differs": 0,
   "final_state_differs": 0,
   "sample_keys": []
  },
  "device_status": {
   "keys": 500000,
   "last_event_differs": 0,
   "final_state_differs": 0,
   "sample_keys": []
  }
 },
 "converged": true
}
{"ts_ms":1790174851417,"event":"oom-check","detail":{"cdc-lab-clickhouse-1":false,"cdc-lab-collector-1":false,"cdc-lab-connect-1-1":false,"cdc-lab-connect-2-1":false,"cdc-lab-generator-1":false,"cdc-lab-kafka-1":false,"cdc-lab-postgres-1":false,"cdc-lab-sink-1":false,"cdc-lab-sink-2":false,"cdc-lab-tools-1":false}}
{
 "capture_drain_tasks_max_1_records_per_s": null,
 "capture_drain_tasks_max_4_records_per_s": null,
 "tasks_running_with_tasks_max_4": null,
 "source_write_rate_during_fill": 146598.6,
 "capture_rate_while_source_writing": 141877.1,
 "sink_mu_1_process": 49410.1,
 "sink_mu_2_processes": 72883.7,
 "peak_unconfirmed_wal_bytes": 1887851528
}

=== 14:47:31Z · capacity run capacity-20260923T143225Z measured mu=72883 changes/s

=== 14:47:31Z · 2/4 recovery test (lambda=20000, mu=72883)

[21:47:32] resetting environment

[21:47:35] run recovery-20260923T144735Z

[21:47:35] starting PostgreSQL, Kafka, ClickHouse (seeding 2000000 + 500000 rows)
 Network cdc-lab_lab Creating 
 Network cdc-lab_lab Created 
 Volume cdc-lab_ch-data Creating 
 Volume cdc-lab_ch-data Created 
 Volume cdc-lab_pg-data Creating 
 Volume cdc-lab_pg-data Created 
 Container cdc-lab-kafka-1 Creating 
 Container cdc-lab-clickhouse-1 Creating 
 Container cdc-lab-postgres-1 Creating 
 Container cdc-lab-clickhouse-1 Created 
 Container cdc-lab-postgres-1 Created 
 Container cdc-lab-kafka-1 Created 
 Container cdc-lab-clickhouse-1 Starting 
 Container cdc-lab-postgres-1 Starting 
 Container cdc-lab-kafka-1 Starting 
 Container cdc-lab-clickhouse-1 Started 
 Container cdc-lab-kafka-1 Started 
 Container cdc-lab-postgres-1 Started 
 Container cdc-lab-clickhouse-1 Waiting 
 Container cdc-lab-kafka-1 Waiting 
 Container cdc-lab-postgres-1 Waiting 
 Container cdc-lab-postgres-1 Healthy 
 Container cdc-lab-kafka-1 Healthy 
 Container cdc-lab-clickhouse-1 Healthy 
 Container cdc-lab-kafka-1 Running 
 Container cdc-lab-postgres-1 Running 
 Container cdc-lab-clickhouse-1 Running 
 Container cdc-lab-tools-1 Creating 
 Container cdc-lab-collector-1 Creating 
 Container cdc-lab-collector-1 Created 
 Container cdc-lab-tools-1 Created 
 Container cdc-lab-clickhouse-1 Waiting 
 Container cdc-lab-postgres-1 Waiting 
 Container cdc-lab-kafka-1 Waiting 
 Container cdc-lab-kafka-1 Waiting 
 Container cdc-lab-kafka-1 Healthy 
 Container cdc-lab-tools-1 Starting 
 Container cdc-lab-postgres-1 Healthy 
 Container cdc-lab-clickhouse-1 Healthy 
 Container cdc-lab-kafka-1 Healthy 
 Container cdc-lab-collector-1 Starting 
 Container cdc-lab-tools-1 Started 
 Container cdc-lab-collector-1 Started 
 Container cdc-lab-kafka-1 Running 
 Container cdc-lab-postgres-1 Running 
 Container cdc-lab-connect-1-1 Creating 
 Container cdc-lab-connect-1-1 Created 
 Container cdc-lab-kafka-1 Waiting 
 Container cdc-lab-postgres-1 Waiting 
 Container cdc-lab-kafka-1 Healthy 
 Container cdc-lab-postgres-1 Healthy 
 Container cdc-lab-connect-1-1 Starting 
 Container cdc-lab-connect-1-1 Started 
{"ts_ms":1790174878147,"event":"connect-worker-ready","detail":{"worker":"connect-1","attempt":1}}
 Container cdc-lab-kafka-1 Running 
 Container cdc-lab-postgres-1 Running 
 Container cdc-lab-connect-2-1 Creating 
 Container cdc-lab-connect-2-1 Created 
 Container cdc-lab-postgres-1 Waiting 
 Container cdc-lab-kafka-1 Waiting 
 Container cdc-lab-kafka-1 Healthy 
 Container cdc-lab-postgres-1 Healthy 
 Container cdc-lab-connect-2-1 Starting 
 Container cdc-lab-connect-2-1 Started 
{"ts_ms":1790174888812,"event":"connect-worker-ready","detail":{"worker":"connect-2","attempt":1}}
{"ts_ms":1790174889574,"event":"environment-ready","detail":{"postgres": "18.6 (Debian 18.6-1.pgdg13+2)", "clickhouse": "26.8.3.105", "kafka_image": "apache/kafka:4.3.1", "debezium_image": "quay.io/debezium/connect:3.6.2.Final", "connect": {"kafka_connect": "4.3.0", "postgres_plugin": [{"class": "io.debezium.connector.postgresql.PostgresConnector", "type": "source", "version": "3.6.2.Final"}]}, "docker_cpus": 15, "docker_memory_bytes": 8321011712, "host": "Apple M5 Pro"}}
{"ts_ms":1790174889592,"event":"connector-register","detail":{"snapshot.mode":"initial"}}
201 {"name":"pg-devices","config":{"connector.class":"io.debezium.connector.postgresql.PostgresConnector","tasks.max":"1","database.hostname":"postgres","database.port":"5432","database.dbname":"devices","database.user":"cdc_capture","database.password":"${env:CDC_CAPTURE_PASSWORD}","topic.prefix":"pg-devices","plugin.name":"pgoutput","slot.name":"cdc_devices_clickhouse","publication.name":"cdc_devices","publication.autocreate.mode":"disabled","table.include.list":"ops.device_registry,ops.device_sta
 Container cdc-lab-kafka-1 Running 
 Container cdc-lab-clickhouse-1 Running 
 Container cdc-lab-sink-2 Creating 
 Container cdc-lab-sink-1 Creating 
 Container cdc-lab-sink-2 Created 
 Container cdc-lab-sink-1 Created 
 Container cdc-lab-clickhouse-1 Waiting 
 Container cdc-lab-kafka-1 Waiting 
 Container cdc-lab-kafka-1 Healthy 
 Container cdc-lab-clickhouse-1 Healthy 
 Container cdc-lab-sink-1 Starting 
 Container cdc-lab-sink-1 Started 
 Container cdc-lab-sink-2 Starting 
 Container cdc-lab-sink-2 Started 
RUNNING

[21:48:11] load: source=2500000 clickhouse=10000

[21:48:26] load: source=2500000 clickhouse=1086115

[21:48:41] load: source=2500000 clickhouse=2314796

[21:48:56] load: source=2500000 clickhouse=2500000
{"ts_ms":1790174937016,"event":"initial-load-complete","detail":{}}

[21:48:57] baseline at 20000 changes/s
{"ts_ms":1790174937164,"event":"generator-rate","detail":{"rate":20000}}
 Container cdc-lab-postgres-1 Running 
 Container cdc-lab-generator-1 Creating 
 Container cdc-lab-generator-1 Created 
 Container cdc-lab-postgres-1 Waiting 
 Container cdc-lab-postgres-1 Healthy 
 Container cdc-lab-generator-1 Starting 
 Container cdc-lab-generator-1 Started 
{"ts_ms":1790174937949,"event":"baseline-start","detail":{"lambda":20000,"mu_measured":72883}}

[21:51:57] schema change: device_registry.firmware_channel
{"ts_ms":1790175118101,"event":"source-ddl","detail":{"ddl":"ALTER TABLE ops.device_registry ADD COLUMN firmware_channel text NOT NULL DEFAULT 'stable'"}}
{"ts_ms":1790175163254,"event":"contract-v2","detail":{"clickhouse":"ADD COLUMN firmware_channel Nullable(String)"}}
{"ts_ms":1790175193526,"event":"new-column-null-before-backfill","detail":{"null_rows":2003342,"live_rows":2033915,"source_value":"stable"}}

[21:53:13] incremental snapshot of device_registry (backfills firmware_channel for rows no event has touched)
{"ts_ms":1790175193670,"event":"incremental-snapshot-signal","detail":{"signal_id":"snap-1790175193551","collections":["ops.device_registry"]}}

[21:53:58] throttling ClickHouse until the sink falls behind the live rate (600s in total)
{"ts_ms":1790175283812,"event":"clickhouse-throttled","detail":{"cpus":0.5,"lag_growth_per_s":-91}}
{"ts_ms":1790175328932,"event":"clickhouse-throttled","detail":{"cpus":0.3,"lag_growth_per_s":281}}
{"ts_ms":1790175374044,"event":"clickhouse-throttled","detail":{"cpus":0.2,"lag_growth_per_s":121}}
{"ts_ms":1790175419188,"event":"clickhouse-throttled","detail":{"cpus":0.12,"lag_growth_per_s":2689}}
{"ts_ms":1790175464299,"event":"clickhouse-throttled","detail":{"cpus":0.08,"lag_growth_per_s":8002}}

[21:58:29] killing Connect worker that runs the capture task: connect-1
{"ts_ms":1790175509575,"event":"connect-worker-killed","detail":{"worker":"connect-1","slot_confirmed_flush_lsn":"0/C79CC8B0"}}

[21:59:29] arming sink crash after insert, before offset commit
{"ts_ms":1790175569816,"event":"sink-crash-armed","detail":{}}

[22:00:29] explicit delete batch of 5000 devices
{"ts_ms":1790175630454,"event":"delete-batch","detail":{"keys":5000}}

[22:00:30] reached: capture task running on a surviving worker
{"ts_ms":1790175630526,"event":"capture-task-running","detail":{"worker":"connect-2:8083"}}

[22:00:30] restarting killed worker connect-1
{"ts_ms":1790175630690,"event":"connect-worker-restarted","detail":{"worker":"connect-1"}}
{"ts_ms":1790175838868,"event":"clickhouse-restored","detail":{"backlog":5862359,"lambda_observed":20003,"mu_measured":72883,"predicted_drain_s":111}}

[22:05:48] reached: backlog drained (oldest unapplied change < 5 s)
{"ts_ms":1790175948344,"event":"backlog-drained","detail":{"observed_drain_s":109,"predicted_drain_s":111}}
{"ts_ms":1790176128407,"event":"steady-state-after-recovery","detail":{}}
{"ts_ms":1790176128832,"event":"new-column-null-after-backfill","detail":{"null_rows":0,"live_rows":2159501}}

[22:08:48] stop load, wait for quiescence, reconcile
{"ts_ms":1790176128855,"event":"generator-rate","detail":{"rate":0}}
 Container cdc-lab-generator-1 Stopping 
 Container cdc-lab-generator-1 Stopped 
{"ts_ms":1790176130117,"event":"generator-stopped","detail":{}}
waiting: end_offsets=28764253 lag=0
waiting: end_offsets=28764253 lag=0
waiting: end_offsets=28764253 lag=0
waiting: end_offsets=28764253 lag=0
waiting: end_offsets=28764253 lag=0
waiting: end_offsets=28764253 lag=0
waiting: end_offsets=28764253 lag=0
waiting: end_offsets=28764253 lag=0
waiting: end_offsets=28764253 lag=0
waiting: end_offsets=28764253 lag=0
waiting: end_offsets=28764253 lag=0
waiting: end_offsets=28764253 lag=0
waiting: end_offsets=28764253 lag=0
waiting: end_offsets=28764253 lag=0
waiting: end_offsets=28764253 lag=0
waiting: end_offsets=28764253 lag=0
waiting: end_offsets=28764253 lag=0
waiting: end_offsets=28764253 lag=0
waiting: end_offsets=28764253 lag=0
quiet: end offsets 28764253 unchanged for 90s, sink lag 0
Traceback (most recent call last):
  File "/lab/reconcile.py", line 188, in <module>
    compare(sys.argv[2])
    ~~~~~~~^^^^^^^^^^^^^
  File "/lab/reconcile.py", line 151, in compare
    report["version_ordering"] = version_ordering(ch)
                                 ~~~~~~~~~~~~~~~~^^^^
  File "/lab/reconcile.py", line 86, in version_ordering
    rows = ch.query("""
           ~~~~~~~~^^^^
        SELECT source_table, count(),
        ^^^^^^^^^^^^^^^^^^^^^^^^^^^^^
    ...<9 lines>...
            FROM cdc.change_history GROUP BY source_table, device_id)
            ^^^^^^^^^^^^^^^^^^^^^^^^^^^^^^^^^^^^^^^^^^^^^^^^^^^^^^^^^
        GROUP BY source_table ORDER BY source_table""", settings=SPILL).result_rows
        ^^^^^^^^^^^^^^^^^^^^^^^^^^^^^^^^^^^^^^^^^^^^^^^^^^^^^^^^^^^^^^^
  File "/usr/local/lib/python3.13/site-packages/clickhouse_connect/driver/client.py", line 464, in query
    return self._query_with_context(query_context)
           ~~~~~~~~~~~~~~~~~~~~~~~~^^^^^^^^^^^^^^^
  File "/usr/local/lib/python3.13/site-packages/clickhouse_connect/driver/_backendclient.py", line 51, in _query_with_context
    execution = self._backend.execute_query(context, runtime, self._prep_query(context))
  File "/usr/local/lib/python3.13/site-packages/clickhouse_connect/driver/_backend/http_sync.py", line 157, in execute_query
    response = self.request(
        plan.body if plan.body is not None else b"",
    ...<5 lines>...
        server_wait=not context.streaming,
    )
  File "/usr/local/lib/python3.13/site-packages/clickhouse_connect/driver/_backend/http_sync.py", line 382, in request
    self.error_handler(response)
    ~~~~~~~~~~~~~~~~~~^^^^^^^^^^
  File "/usr/local/lib/python3.13/site-packages/clickhouse_connect/driver/_backend/http_sync.py", line 126, in error_handler
    raise build_http_error(
    ...<6 lines>...
    ) from None
clickhouse_connect.driver.exceptions.DatabaseError: Received ClickHouse exception, code: 241, server response: Code: 241. DB::Exception: (total) memory limit exceeded: would use 939.88 MiB (attempt to allocate chunk of 4.00 MiB), current RSS: 1011.73 MiB, maximum: 1009.73 MiB. OvercommitTracker decision: Query was selected to stop by OvercommitTracker. Untracked memory across all threads: -20.84 MiB: While executing SourceFromNativeStream. (MEMORY_LIMIT_EXCEEDED) (for url http://clickhouse:8123)
