
=== 15:15:16Z · run-all started; lambda=20000; log results/run-all-20260923T151516Z.log

=== 15:15:17Z · starting at recovery; taking mu from capacity-20260923T143225Z

=== 15:15:17Z · mu=72883 changes/s

=== 15:15:17Z · 2/4 recovery test (lambda=20000, mu=72883)

[22:15:17] resetting environment

[22:15:17] run recovery-20260923T151517Z

[22:15:17] starting PostgreSQL, Kafka, ClickHouse (seeding 2000000 + 500000 rows)
 Network cdc-lab_lab Creating 
 Network cdc-lab_lab Created 
 Volume cdc-lab_ch-data Creating 
 Volume cdc-lab_ch-data Created 
 Volume cdc-lab_pg-data Creating 
 Volume cdc-lab_pg-data Created 
 Container cdc-lab-postgres-1 Creating 
 Container cdc-lab-clickhouse-1 Creating 
 Container cdc-lab-kafka-1 Creating 
 Container cdc-lab-kafka-1 Created 
 Container cdc-lab-clickhouse-1 Created 
 Container cdc-lab-postgres-1 Created 
 Container cdc-lab-postgres-1 Starting 
 Container cdc-lab-kafka-1 Starting 
 Container cdc-lab-clickhouse-1 Starting 
 Container cdc-lab-postgres-1 Started 
 Container cdc-lab-kafka-1 Started 
 Container cdc-lab-clickhouse-1 Started 
 Container cdc-lab-clickhouse-1 Waiting 
 Container cdc-lab-kafka-1 Waiting 
 Container cdc-lab-postgres-1 Waiting 
 Container cdc-lab-postgres-1 Healthy 
 Container cdc-lab-clickhouse-1 Healthy 
 Container cdc-lab-kafka-1 Healthy 
 Container cdc-lab-kafka-1 Running 
 Container cdc-lab-postgres-1 Running 
 Container cdc-lab-clickhouse-1 Running 
 Container cdc-lab-tools-1 Creating 
 Container cdc-lab-collector-1 Creating 
 Container cdc-lab-collector-1 Created 
 Container cdc-lab-tools-1 Created 
 Container cdc-lab-postgres-1 Waiting 
 Container cdc-lab-kafka-1 Waiting 
 Container cdc-lab-clickhouse-1 Waiting 
 Container cdc-lab-kafka-1 Waiting 
 Container cdc-lab-kafka-1 Healthy 
 Container cdc-lab-clickhouse-1 Healthy 
 Container cdc-lab-postgres-1 Healthy 
 Container cdc-lab-kafka-1 Healthy 
 Container cdc-lab-collector-1 Starting 
 Container cdc-lab-tools-1 Starting 
 Container cdc-lab-collector-1 Started 
 Container cdc-lab-tools-1 Started 
 Container cdc-lab-kafka-1 Running 
 Container cdc-lab-postgres-1 Running 
 Container cdc-lab-connect-1-1 Creating 
 Container cdc-lab-connect-1-1 Created 
 Container cdc-lab-postgres-1 Waiting 
 Container cdc-lab-kafka-1 Waiting 
 Container cdc-lab-postgres-1 Healthy 
 Container cdc-lab-kafka-1 Healthy 
 Container cdc-lab-connect-1-1 Starting 
 Container cdc-lab-connect-1-1 Started 
{"ts_ms":1790176535070,"event":"connect-worker-ready","detail":{"worker":"connect-1","attempt":1}}
 Container cdc-lab-kafka-1 Running 
 Container cdc-lab-postgres-1 Running 
 Container cdc-lab-connect-2-1 Creating 
 Container cdc-lab-connect-2-1 Created 
 Container cdc-lab-postgres-1 Waiting 
 Container cdc-lab-kafka-1 Waiting 
 Container cdc-lab-kafka-1 Healthy 
 Container cdc-lab-postgres-1 Healthy 
 Container cdc-lab-connect-2-1 Starting 
 Container cdc-lab-connect-2-1 Started 
{"ts_ms":1790176545755,"event":"connect-worker-ready","detail":{"worker":"connect-2","attempt":1}}
{"ts_ms":1790176546532,"event":"environment-ready","detail":{"postgres": "18.6 (Debian 18.6-1.pgdg13+2)", "clickhouse": "26.8.3.105", "kafka_image": "apache/kafka:4.3.1", "debezium_image": "quay.io/debezium/connect:3.6.2.Final", "connect": {"kafka_connect": "4.3.0", "postgres_plugin": [{"class": "io.debezium.connector.postgresql.PostgresConnector", "type": "source", "version": "3.6.2.Final"}]}, "docker_cpus": 15, "docker_memory_bytes": 8321011712, "host": "Apple M5 Pro"}}
{"ts_ms":1790176546553,"event":"connector-register","detail":{"snapshot.mode":"initial"}}
201 {"name":"pg-devices","config":{"connector.class":"io.debezium.connector.postgresql.PostgresConnector","tasks.max":"1","database.hostname":"postgres","database.port":"5432","database.dbname":"devices","database.user":"cdc_capture","database.password":"${env:CDC_CAPTURE_PASSWORD}","topic.prefix":"pg-devices","plugin.name":"pgoutput","slot.name":"cdc_devices_clickhouse","publication.name":"cdc_devices","publication.autocreate.mode":"disabled","table.include.list":"ops.device_registry,ops.device_sta
 Container cdc-lab-clickhouse-1 Running 
 Container cdc-lab-kafka-1 Running 
 Container cdc-lab-sink-2 Creating 
 Container cdc-lab-sink-1 Creating 
 Container cdc-lab-sink-2 Created 
 Container cdc-lab-sink-1 Created 
 Container cdc-lab-kafka-1 Waiting 
 Container cdc-lab-clickhouse-1 Waiting 
 Container cdc-lab-kafka-1 Healthy 
 Container cdc-lab-clickhouse-1 Healthy 
 Container cdc-lab-sink-1 Starting 
 Container cdc-lab-sink-1 Started 
 Container cdc-lab-sink-2 Starting 
 Container cdc-lab-sink-2 Started 
RUNNING

[22:15:48] load: source=2500000 clickhouse=10000

[22:16:03] load: source=2500000 clickhouse=1093109

[22:16:18] load: source=2500000 clickhouse=2381770

[22:16:34] load: source=2500000 clickhouse=2500000
{"ts_ms":1790176594222,"event":"initial-load-complete","detail":{}}

[22:16:34] baseline at 20000 changes/s
{"ts_ms":1790176594586,"event":"generator-rate","detail":{"rate":20000}}
 Container cdc-lab-postgres-1 Running 
 Container cdc-lab-generator-1 Creating 
 Container cdc-lab-generator-1 Created 
 Container cdc-lab-postgres-1 Waiting 
 Container cdc-lab-postgres-1 Healthy 
 Container cdc-lab-generator-1 Starting 
 Container cdc-lab-generator-1 Started 
{"ts_ms":1790176595404,"event":"baseline-start","detail":{"lambda":20000,"mu_measured":72883}}

[22:19:35] schema change: device_registry.firmware_channel
{"ts_ms":1790176775550,"event":"source-ddl","detail":{"ddl":"ALTER TABLE ops.device_registry ADD COLUMN firmware_channel text NOT NULL DEFAULT 'stable'"}}
{"ts_ms":1790176820815,"event":"contract-v2","detail":{"clickhouse":"ADD COLUMN firmware_channel Nullable(String)"}}
{"ts_ms":1790176851144,"event":"new-column-null-before-backfill","detail":{"null_rows":2005801,"live_rows":2036170,"source_value":"stable"}}

[22:20:51] incremental snapshot of device_registry (backfills firmware_channel for rows no event has touched)
{"ts_ms":1790176851278,"event":"incremental-snapshot-signal","detail":{"signal_id":"snap-1790176851168","collections":["ops.device_registry"]}}

[22:21:36] throttling ClickHouse until the sink falls behind the live rate (600s in total)
{"ts_ms":1790176941440,"event":"clickhouse-throttled","detail":{"cpus":0.5,"lag_growth_per_s":-241}}
{"ts_ms":1790176986572,"event":"clickhouse-throttled","detail":{"cpus":0.3,"lag_growth_per_s":178}}
{"ts_ms":1790177031681,"event":"clickhouse-throttled","detail":{"cpus":0.2,"lag_growth_per_s":-38}}
{"ts_ms":1790177076807,"event":"clickhouse-throttled","detail":{"cpus":0.12,"lag_growth_per_s":2190}}
{"ts_ms":1790177121931,"event":"clickhouse-throttled","detail":{"cpus":0.08,"lag_growth_per_s":8339}}

[22:26:07] killing Connect worker that runs the capture task: connect-1
{"ts_ms":1790177167265,"event":"connect-worker-killed","detail":{"worker":"connect-1","slot_confirmed_flush_lsn":"0/C75EB040"}}

[22:27:07] arming sink crash after insert, before offset commit
{"ts_ms":1790177227681,"event":"sink-crash-armed","detail":{}}

[22:28:07] explicit delete batch of 5000 devices
{"ts_ms":1790177290679,"event":"delete-batch","detail":{"keys":5000}}

[22:28:10] reached: capture task running on a surviving worker
{"ts_ms":1790177290766,"event":"capture-task-running","detail":{"worker":"connect-2:8083"}}

[22:28:10] restarting killed worker connect-1
{"ts_ms":1790177290934,"event":"connect-worker-restarted","detail":{"worker":"connect-1"}}
{"ts_ms":1790177497110,"event":"clickhouse-restored","detail":{"backlog":5010701,"lambda_observed":19998,"mu_measured":72883,"predicted_drain_s":95}}

[22:33:17] reached: backlog drained (oldest unapplied change < 5 s)
{"ts_ms":1790177597572,"event":"backlog-drained","detail":{"observed_drain_s":100,"predicted_drain_s":95}}
{"ts_ms":1790177777639,"event":"steady-state-after-recovery","detail":{}}
{"ts_ms":1790177778065,"event":"new-column-null-after-backfill","detail":{"null_rows":0,"live_rows":2162836}}

[22:36:18] stop load, wait for quiescence, reconcile
{"ts_ms":1790177778089,"event":"generator-rate","detail":{"rate":0}}
 Container cdc-lab-generator-1 Stopping 
 Container cdc-lab-generator-1 Stopped 
{"ts_ms":1790177779351,"event":"generator-stopped","detail":{}}
waiting: end_offsets=28606356 lag=2794
waiting: end_offsets=28606356 lag=0
waiting: end_offsets=28606356 lag=0
waiting: end_offsets=28606356 lag=0
waiting: end_offsets=28606356 lag=0
waiting: end_offsets=28606356 lag=0
waiting: end_offsets=28606356 lag=0
waiting: end_offsets=28606356 lag=0
waiting: end_offsets=28606356 lag=0
waiting: end_offsets=28606356 lag=0
waiting: end_offsets=28606356 lag=0
waiting: end_offsets=28606356 lag=0
waiting: end_offsets=28606356 lag=0
waiting: end_offsets=28606356 lag=0
waiting: end_offsets=28606356 lag=0
waiting: end_offsets=28606356 lag=0
waiting: end_offsets=28606356 lag=0
waiting: end_offsets=28606356 lag=0
waiting: end_offsets=28606356 lag=0
quiet: end offsets 28606356 unchanged for 90s, sink lag 0
{
 "label": "final",
 "ts_ms": 1790177874990,
 "contract_version": 2,
 "tables": {
  "device_registry": {
   "columns_compared": [
    "device_id",
    "tenant_id",
    "serial_number",
    "model",
    "gateway_id",
    "status",
    "firmware_version",
    "updated_at_ms",
    "firmware_channel"
   ],
   "source_rows": 2163117,
   "clickhouse_logical_rows": 2163117,
   "clickhouse_logical_duplicate_keys": 0,
   "clickhouse_physical_rows": 5052060,
   "clickhouse_physical_extra_versions": 2858235,
   "mismatched_buckets": 0,
   "missing_in_clickhouse": 0,
   "ghost_rows_in_clickhouse": 0,
   "content_mismatches": 0,
   "samples": {
    "missing": [],
    "ghost": [],
    "content": []
   },
   "evidence": {},
   "converged": true,
   "seconds": 3.2
  },
  "device_status": {
   "columns_compared": [
    "device_id",
    "tenant_id",
    "battery_pct",
    "signal_dbm",
    "connectivity",
    "last_seen_ms",
    "updated_at_ms"
   ],
   "source_rows": 500000,
   "clickhouse_logical_rows": 500000,
   "clickhouse_logical_duplicate_keys": 0,
   "clickhouse_physical_rows": 1064425,
   "clickhouse_physical_extra_versions": 564425,
   "mismatched_buckets": 0,
   "missing_in_clickhouse": 0,
   "ghost_rows_in_clickhouse": 0,
   "content_mismatches": 0,
   "samples": {
    "missing": [],
    "ghost": [],
    "content": []
   },
   "evidence": {},
   "converged": true,
   "seconds": 0.7
  }
 },
 "explicit_delete_batch": {
  "keys": 5000,
  "still_in_source": 0,
  "still_visible_in_clickhouse": 0
 },
 "history": {
  "deliveries": 28585063,
  "distinct_change_events": 28168333,
  "distinct_kafka_records": 28575063,
  "sink_replays": 10000,
  "capture_replays": 406730,
  "delete_deliveries": 31293,
  "snapshot_read_deliveries": 4539049
 },
 "version_ordering": {
  "device_registry": {
   "keys": 2193825,
   "last_event_differs": 1,
   "final_state_differs": 1,
   "sample_keys": [
    528269
   ]
  },
  "device_status": {
   "error": "DatabaseError: Received ClickHouse exception, code: 241, server response: Code: 241. DB::Exception: (total) memory limit exceeded: would use 732.43 MiB (attempt to allocate chunk of 4.04 MiB), current RSS: 1007.43 MiB, maximum: 1010.00 MiB. OvercommitTracker decision: Query was selected to stop by O"
  }
 },
 "converged": true
}
{"ts_ms":1790177907138,"event":"oom-check","detail":{"cdc-lab-clickhouse-1":false,"cdc-lab-collector-1":false,"cdc-lab-connect-1-1":false,"cdc-lab-connect-2-1":false,"cdc-lab-generator-1":false,"cdc-lab-kafka-1":false,"cdc-lab-postgres-1":false,"cdc-lab-sink-1":false,"cdc-lab-sink-2":false,"cdc-lab-tools-1":false}}
{
 "freshness_baseline": {
  "applied": 2999278,
  "p50_ms": 719,
  "p95_ms": 1067,
  "p99_ms": 1165
 },
 "freshness_worst_10s_bucket_p99_ms": 280326,
 "drain": {
  "backlog": 5010701,
  "lambda_observed": 19998,
  "mu_measured": 72883,
  "predicted_drain_s": 95,
  "observed_drain_s": 100
 },
 "freshness_after_recovery": {
  "applied": 2395585,
  "p50_ms": 986,
  "p95_ms": 1397,
  "p99_ms": 1508
 },
 "peak_sink_lag_records": 5062568,
 "peak_oldest_unapplied_age_ms": 281592,
 "peak_retained_wal_bytes": 708321704,
 "peak_wal_status": [
  "reserved"
 ],
 "worker_kill": {
  "worker": "connect-1",
  "capture_resumed_after_s": 12.4,
  "status_said_running_on_dead_worker_s": 7.8,
  "states_seen": [
   "RUNNING"
  ],
  "resumed_on": "connect-2:8083",
  "peak_unconfirmed_wal_bytes_during_outage": 113763280
 },
 "sink_crash": {
  "rows_in_crashed_batch": 10000,
  "offsets": {
   "pg-devices.ops.device_status[0]": [
    1786547,
    1796546
   ]
  }
 },
 "unmapped_field_events": [
  {
   "ts_ms": 1790176776501,
   "event": "sink-unmapped-fields",
   "sink_id": "d55b27443cb2",
   "fields": [
    "device_registry.firmware_channel"
   ],
   "contract_version": 1
  },
  {
   "ts_ms": 1790176776793,
   "event": "sink-unmapped-fields",
   "sink_id": "8487ffa10434",
   "fields": [
    "device_registry.firmware_channel"
   ],
   "contract_version": 1
  }
 ],
 "schema_backfill": {
  "null_before": {
   "null_rows": 2005801,
   "live_rows": 2036170,
   "source_value": "stable"
  },
  "null_after": {
   "null_rows": 0,
   "live_rows": 2162836
  }
 },
 "incremental_snapshot": {
  "reads_applied": 2039049,
  "seconds_from_signal_to_last_read": 33.0
 },
 "clickhouse_throttle_steps": [
  {
   "cpus": 0.5,
   "lag_growth_per_s": -241
  },
  {
   "cpus": 0.3,
   "lag_growth_per_s": 178
  },
  {
   "cpus": 0.2,
   "lag_growth_per_s": -38
  },
  {
   "cpus": 0.12,
   "lag_growth_per_s": 2190
  },
  {
   "cpus": 0.08,
   "lag_growth_per_s": 8339
  }
 ]
}

=== 15:38:29Z · 3/4 capture pressure (lambda=20000)

[22:38:29] resetting environment

[22:38:33] run capture-pressure-20260923T153833Z

[22:38:33] starting PostgreSQL, Kafka, ClickHouse (seeding 2000000 + 500000 rows)
 Network cdc-lab_lab Creating 
 Network cdc-lab_lab Created 
 Volume cdc-lab_ch-data Creating 
 Volume cdc-lab_ch-data Created 
 Volume cdc-lab_pg-data Creating 
 Volume cdc-lab_pg-data Created 
 Container cdc-lab-clickhouse-1 Creating 
 Container cdc-lab-kafka-1 Creating 
 Container cdc-lab-postgres-1 Creating 
 Container cdc-lab-clickhouse-1 Created 
 Container cdc-lab-postgres-1 Created 
 Container cdc-lab-kafka-1 Created 
 Container cdc-lab-kafka-1 Starting 
 Container cdc-lab-postgres-1 Starting 
 Container cdc-lab-clickhouse-1 Starting 
 Container cdc-lab-kafka-1 Started 
 Container cdc-lab-postgres-1 Started 
 Container cdc-lab-clickhouse-1 Started 
 Container cdc-lab-clickhouse-1 Waiting 
 Container cdc-lab-postgres-1 Waiting 
 Container cdc-lab-kafka-1 Waiting 
 Container cdc-lab-postgres-1 Healthy 
 Container cdc-lab-kafka-1 Healthy 
 Container cdc-lab-clickhouse-1 Healthy 
 Container cdc-lab-kafka-1 Running 
 Container cdc-lab-postgres-1 Running 
 Container cdc-lab-tools-1 Creating 
 Container cdc-lab-clickhouse-1 Running 
 Container cdc-lab-collector-1 Creating 
 Container cdc-lab-tools-1 Created 
 Container cdc-lab-collector-1 Created 
 Container cdc-lab-kafka-1 Waiting 
 Container cdc-lab-clickhouse-1 Waiting 
 Container cdc-lab-postgres-1 Waiting 
 Container cdc-lab-kafka-1 Waiting 
 Container cdc-lab-kafka-1 Healthy 
 Container cdc-lab-clickhouse-1 Healthy 
 Container cdc-lab-postgres-1 Healthy 
 Container cdc-lab-kafka-1 Healthy 
 Container cdc-lab-collector-1 Starting 
 Container cdc-lab-tools-1 Starting 
 Container cdc-lab-collector-1 Started 
 Container cdc-lab-tools-1 Started 
 Container cdc-lab-kafka-1 Running 
 Container cdc-lab-postgres-1 Running 
 Container cdc-lab-connect-1-1 Creating 
 Container cdc-lab-connect-1-1 Created 
 Container cdc-lab-postgres-1 Waiting 
 Container cdc-lab-kafka-1 Waiting 
 Container cdc-lab-postgres-1 Healthy 
 Container cdc-lab-kafka-1 Healthy 
 Container cdc-lab-connect-1-1 Starting 
 Container cdc-lab-connect-1-1 Started 
{"ts_ms":1790177935608,"event":"connect-worker-ready","detail":{"worker":"connect-1","attempt":1}}
 Container cdc-lab-kafka-1 Running 
 Container cdc-lab-postgres-1 Running 
 Container cdc-lab-connect-2-1 Creating 
 Container cdc-lab-connect-2-1 Created 
 Container cdc-lab-postgres-1 Waiting 
 Container cdc-lab-kafka-1 Waiting 
 Container cdc-lab-postgres-1 Healthy 
 Container cdc-lab-kafka-1 Healthy 
 Container cdc-lab-connect-2-1 Starting 
 Container cdc-lab-connect-2-1 Started 
{"ts_ms":1790177946336,"event":"connect-worker-ready","detail":{"worker":"connect-2","attempt":1}}
{"ts_ms":1790177947080,"event":"environment-ready","detail":{"postgres": "18.6 (Debian 18.6-1.pgdg13+2)", "clickhouse": "26.8.3.105", "kafka_image": "apache/kafka:4.3.1", "debezium_image": "quay.io/debezium/connect:3.6.2.Final", "connect": {"kafka_connect": "4.3.0", "postgres_plugin": [{"class": "io.debezium.connector.postgresql.PostgresConnector", "type": "source", "version": "3.6.2.Final"}]}, "docker_cpus": 15, "docker_memory_bytes": 8321011712, "host": "Apple M5 Pro"}}
{"ts_ms":1790177947099,"event":"connector-register","detail":{"snapshot.mode":"initial"}}
201 {"name":"pg-devices","config":{"connector.class":"io.debezium.connector.postgresql.PostgresConnector","tasks.max":"1","database.hostname":"postgres","database.port":"5432","database.dbname":"devices","database.user":"cdc_capture","database.password":"${env:CDC_CAPTURE_PASSWORD}","topic.prefix":"pg-devices","plugin.name":"pgoutput","slot.name":"cdc_devices_clickhouse","publication.name":"cdc_devices","publication.autocreate.mode":"disabled","table.include.list":"ops.device_registry,ops.device_sta
 Container cdc-lab-kafka-1 Running 
 Container cdc-lab-clickhouse-1 Running 
 Container cdc-lab-sink-2 Creating 
 Container cdc-lab-sink-1 Creating 
 Container cdc-lab-sink-1 Created 
 Container cdc-lab-sink-2 Created 
 Container cdc-lab-kafka-1 Waiting 
 Container cdc-lab-clickhouse-1 Waiting 
 Container cdc-lab-kafka-1 Healthy 
 Container cdc-lab-clickhouse-1 Healthy 
 Container cdc-lab-sink-2 Starting 
 Container cdc-lab-sink-2 Started 
 Container cdc-lab-sink-1 Starting 
 Container cdc-lab-sink-1 Started 
RUNNING

[22:39:08] load: source=2500000 clickhouse=10000

[22:39:24] load: source=2500000 clickhouse=1170000

[22:39:39] load: source=2500000 clickhouse=2433490

[22:39:54] load: source=2500000 clickhouse=2500000
{"ts_ms":1790177994709,"event":"initial-load-complete","detail":{}}
{"ts_ms":1790177994731,"event":"generator-rate","detail":{"rate":20000}}
 Container cdc-lab-postgres-1 Running 
 Container cdc-lab-generator-1 Creating 
 Container cdc-lab-generator-1 Created 
 Container cdc-lab-postgres-1 Waiting 
 Container cdc-lab-postgres-1 Healthy 
 Container cdc-lab-generator-1 Starting 
 Container cdc-lab-generator-1 Started 
{"ts_ms":1790177995620,"event":"baseline-start","detail":{"lambda":20000}}
{"ts_ms":1790178115714,"event":"kafka-paused","detail":{"retained_wal_bytes":381169192}}
{"ts_ms":1790178355909,"event":"kafka-unpaused","detail":{"retained_wal_bytes":1481341864}}

[22:48:55] reached: capture and sink caught up
{"ts_ms":1790178535580,"event":"caught-up","detail":{"seconds_after_unpause":179}}
{"ts_ms":1790178655631,"event":"generator-rate","detail":{"rate":0}}
 Container cdc-lab-generator-1 Stopping 
 Container cdc-lab-generator-1 Stopped 
{"ts_ms":1790178656206,"event":"generator-stopped","detail":{}}
waiting: end_offsets=16686734 lag=3523
waiting: end_offsets=16686734 lag=0
waiting: end_offsets=16686734 lag=0
waiting: end_offsets=16686734 lag=0
waiting: end_offsets=16686734 lag=0
waiting: end_offsets=16686734 lag=0
waiting: end_offsets=16686734 lag=0
waiting: end_offsets=16686734 lag=0
waiting: end_offsets=16686734 lag=0
waiting: end_offsets=16686734 lag=0
waiting: end_offsets=16686734 lag=0
waiting: end_offsets=16686734 lag=0
waiting: end_offsets=16686734 lag=0
waiting: end_offsets=16686734 lag=0
waiting: end_offsets=16686734 lag=0
waiting: end_offsets=16686734 lag=0
waiting: end_offsets=16686734 lag=0
waiting: end_offsets=16686734 lag=0
waiting: end_offsets=16686734 lag=0
quiet: end offsets 16686734 unchanged for 90s, sink lag 0
{
 "label": "final",
 "ts_ms": 1790178751850,
 "contract_version": 1,
 "tables": {
  "device_registry": {
   "columns_compared": [
    "device_id",
    "tenant_id",
    "serial_number",
    "model",
    "gateway_id",
    "status",
    "firmware_version",
    "updated_at_ms"
   ],
   "source_rows": 2093434,
   "clickhouse_logical_rows": 2093434,
   "clickhouse_logical_duplicate_keys": 0,
   "clickhouse_physical_rows": 2642201,
   "clickhouse_physical_extra_versions": 534251,
   "mismatched_buckets": 0,
   "missing_in_clickhouse": 0,
   "ghost_rows_in_clickhouse": 0,
   "content_mismatches": 0,
   "samples": {
    "missing": [],
    "ghost": [],
    "content": []
   },
   "evidence": {},
   "converged": true,
   "seconds": 2.9
  },
  "device_status": {
   "columns_compared": [
    "device_id",
    "tenant_id",
    "battery_pct",
    "signal_dbm",
    "connectivity",
    "last_seen_ms",
    "updated_at_ms"
   ],
   "source_rows": 500000,
   "clickhouse_logical_rows": 500000,
   "clickhouse_logical_duplicate_keys": 0,
   "clickhouse_physical_rows": 1328113,
   "clickhouse_physical_extra_versions": 828113,
   "mismatched_buckets": 0,
   "missing_in_clickhouse": 0,
   "ghost_rows_in_clickhouse": 0,
   "content_mismatches": 0,
   "samples": {
    "missing": [],
    "ghost": [],
    "content": []
   },
   "evidence": {},
   "converged": true,
   "seconds": 0.7
  }
 },
 "history": {
  "deliveries": 16671138,
  "distinct_change_events": 15699537,
  "distinct_kafka_records": 16671138,
  "sink_replays": 0,
  "capture_replays": 971601,
  "delete_deliveries": 15596,
  "snapshot_read_deliveries": 2500000
 },
 "version_ordering": {
  "device_registry": {
   "keys": 2107950,
   "last_event_differs": 0,
   "final_state_differs": 0,
   "sample_keys": []
  },
  "device_status": {
   "keys": 500000,
   "last_event_differs": 0,
   "final_state_differs": 0,
   "sample_keys": []
  }
 },
 "converged": true
}
{"ts_ms":1790178773309,"event":"oom-check","detail":{"cdc-lab-clickhouse-1":false,"cdc-lab-collector-1":false,"cdc-lab-connect-1-1":false,"cdc-lab-connect-2-1":false,"cdc-lab-generator-1":false,"cdc-lab-kafka-1":false,"cdc-lab-postgres-1":false,"cdc-lab-sink-1":false,"cdc-lab-sink-2":false,"cdc-lab-tools-1":false}}
{
 "outage_s": 240.20000000000002,
 "wal_growth_bytes_per_s": 5222918.8,
 "source_changes_per_s_during_outage": 20000.3,
 "source_changes_per_s_baseline": 19999.2,
 "retained_wal_bytes_at_unpause": 1481341864,
 "task_states_during_outage": [
  "RUNNING"
 ],
 "catch_up_s_after_unpause": 179,
 "peak_retained_wal_bytes": 1946305576
}

=== 15:52:53Z · 4/4 history loss (lambda=20000)

[22:52:53] resetting environment

[22:52:56] run history-loss-20260923T155256Z

[22:52:56] starting PostgreSQL, Kafka, ClickHouse (seeding 2000000 + 500000 rows)
 Network cdc-lab_lab Creating 
 Network cdc-lab_lab Created 
 Volume cdc-lab_pg-data Creating 
 Volume cdc-lab_pg-data Created 
 Volume cdc-lab_ch-data Creating 
 Volume cdc-lab_ch-data Created 
 Container cdc-lab-postgres-1 Creating 
 Container cdc-lab-clickhouse-1 Creating 
 Container cdc-lab-kafka-1 Creating 
 Container cdc-lab-postgres-1 Created 
 Container cdc-lab-clickhouse-1 Created 
 Container cdc-lab-kafka-1 Created 
 Container cdc-lab-postgres-1 Starting 
 Container cdc-lab-clickhouse-1 Starting 
 Container cdc-lab-kafka-1 Starting 
 Container cdc-lab-postgres-1 Started 
 Container cdc-lab-kafka-1 Started 
 Container cdc-lab-clickhouse-1 Started 
 Container cdc-lab-postgres-1 Waiting 
 Container cdc-lab-kafka-1 Waiting 
 Container cdc-lab-clickhouse-1 Waiting 
 Container cdc-lab-postgres-1 Healthy 
 Container cdc-lab-kafka-1 Healthy 
 Container cdc-lab-clickhouse-1 Healthy 
 Container cdc-lab-postgres-1 Running 
 Container cdc-lab-kafka-1 Running 
 Container cdc-lab-clickhouse-1 Running 
 Container cdc-lab-collector-1 Creating 
 Container cdc-lab-tools-1 Creating 
 Container cdc-lab-tools-1 Created 
 Container cdc-lab-collector-1 Created 
 Container cdc-lab-clickhouse-1 Waiting 
 Container cdc-lab-postgres-1 Waiting 
 Container cdc-lab-kafka-1 Waiting 
 Container cdc-lab-kafka-1 Waiting 
 Container cdc-lab-clickhouse-1 Healthy 
 Container cdc-lab-kafka-1 Healthy 
 Container cdc-lab-kafka-1 Healthy 
 Container cdc-lab-tools-1 Starting 
 Container cdc-lab-postgres-1 Healthy 
 Container cdc-lab-collector-1 Starting 
 Container cdc-lab-collector-1 Started 
 Container cdc-lab-tools-1 Started 
 Container cdc-lab-postgres-1 Running 
 Container cdc-lab-kafka-1 Running 
 Container cdc-lab-connect-1-1 Creating 
 Container cdc-lab-connect-1-1 Created 
 Container cdc-lab-kafka-1 Waiting 
 Container cdc-lab-postgres-1 Waiting 
 Container cdc-lab-postgres-1 Healthy 
 Container cdc-lab-kafka-1 Healthy 
 Container cdc-lab-connect-1-1 Starting 
 Container cdc-lab-connect-1-1 Started 
{"ts_ms":1790178799375,"event":"connect-worker-ready","detail":{"worker":"connect-1","attempt":1}}
 Container cdc-lab-postgres-1 Running 
 Container cdc-lab-kafka-1 Running 
 Container cdc-lab-connect-2-1 Creating 
 Container cdc-lab-connect-2-1 Created 
 Container cdc-lab-postgres-1 Waiting 
 Container cdc-lab-kafka-1 Waiting 
 Container cdc-lab-kafka-1 Healthy 
 Container cdc-lab-postgres-1 Healthy 
 Container cdc-lab-connect-2-1 Starting 
 Container cdc-lab-connect-2-1 Started 
{"ts_ms":1790178810115,"event":"connect-worker-ready","detail":{"worker":"connect-2","attempt":1}}
{"ts_ms":1790178810876,"event":"environment-ready","detail":{"postgres": "18.6 (Debian 18.6-1.pgdg13+2)", "clickhouse": "26.8.3.105", "kafka_image": "apache/kafka:4.3.1", "debezium_image": "quay.io/debezium/connect:3.6.2.Final", "connect": {"kafka_connect": "4.3.0", "postgres_plugin": [{"class": "io.debezium.connector.postgresql.PostgresConnector", "type": "source", "version": "3.6.2.Final"}]}, "docker_cpus": 15, "docker_memory_bytes": 8321011712, "host": "Apple M5 Pro"}}
{"ts_ms":1790178810895,"event":"connector-register","detail":{"snapshot.mode":"initial"}}
201 {"name":"pg-devices","config":{"connector.class":"io.debezium.connector.postgresql.PostgresConnector","tasks.max":"1","database.hostname":"postgres","database.port":"5432","database.dbname":"devices","database.user":"cdc_capture","database.password":"${env:CDC_CAPTURE_PASSWORD}","topic.prefix":"pg-devices","plugin.name":"pgoutput","slot.name":"cdc_devices_clickhouse","publication.name":"cdc_devices","publication.autocreate.mode":"disabled","table.include.list":"ops.device_registry,ops.device_sta
 Container cdc-lab-clickhouse-1 Running 
 Container cdc-lab-kafka-1 Running 
 Container cdc-lab-sink-2 Creating 
 Container cdc-lab-sink-1 Creating 
 Container cdc-lab-sink-1 Created 
 Container cdc-lab-sink-2 Created 
 Container cdc-lab-kafka-1 Waiting 
 Container cdc-lab-clickhouse-1 Waiting 
 Container cdc-lab-clickhouse-1 Healthy 
 Container cdc-lab-kafka-1 Healthy 
 Container cdc-lab-sink-2 Starting 
 Container cdc-lab-sink-2 Started 
 Container cdc-lab-sink-1 Starting 
 Container cdc-lab-sink-1 Started 
RUNNING

[22:53:32] load: source=2500000 clickhouse=10000

[22:53:47] load: source=2500000 clickhouse=1112231

[22:54:03] load: source=2500000 clickhouse=2379934

[22:54:18] load: source=2500000 clickhouse=2500000
{"ts_ms":1790178858434,"event":"initial-load-complete","detail":{}}
{"ts_ms":1790178858456,"event":"generator-rate","detail":{"rate":20000}}
 Container cdc-lab-postgres-1 Running 
 Container cdc-lab-generator-1 Creating 
 Container cdc-lab-generator-1 Created 
 Container cdc-lab-postgres-1 Waiting 
 Container cdc-lab-postgres-1 Healthy 
 Container cdc-lab-generator-1 Starting 
 Container cdc-lab-generator-1 Started 
{"ts_ms":1790178859310,"event":"baseline-start","detail":{"lambda":20000}}

[22:55:49] bounding slot WAL retention to 1GB, then stopping capture
{"ts_ms":1790178949549,"event":"slot-retention-bounded","detail":{"max_slot_wal_keep_size":"1GB"}}
204 
RUNNING
{"ts_ms":1790178949956,"event":"capture-stopped","detail":{"confirmed_flush_lsn":"0/3E591080"}}

[22:55:49] application keeps writing; checkpoint until the slot loses its history
{"ts_ms":1790179072741,"event":"source-history-lost","detail":{"wal_status":"lost","invalidation_reason":"wal_removed"}}

[22:57:52] attempting normal resume; observing for up to 1900s
202 
{"ts_ms":1790179072926,"event":"normal-resume-requested","detail":{"observe_s":1900}}
{"ts_ms":1790179257076,"event":"normal-resume-stalled","detail":{"connector_state": "RUNNING", "task_states": [], "slot_retry_log_lines": 92, "last_slot_retry_log": "2026-09-23T16:00:56,944 WARN   Postgres||lifecycle  Cannot obtain valid replication slot 'cdc_devices_clickhouse' for plugin 'pgoutput' and database 'devices' [during attempt 93 out of 900, concurrent tx probably blocks taking snapshot.   [io.debezium.connecto", "trace": "", "seconds_after_resume": 185}}
{"ts_ms":1790180885503,"event":"normal-resume-refused","detail":{"connector_state": "RUNNING", "task_states": ["FAILED"], "slot_retry_log_lines": 900, "last_slot_retry_log": "2026-09-23T16:27:50,971 WARN   Postgres||lifecycle  Cannot obtain valid replication slot 'cdc_devices_clickhouse' for plugin 'pgoutput' and database 'devices' [during attempt 900 out of 900, concurrent tx probably blocks taking snapshot.   [io.debezium.connect", "trace": "org.apache.kafka.connect.errors.ConnectException: Unable to obtain valid replication slot. Make sure there are no long-running transactions running in parallel as they may hinder the allocation of the replication slot when starting this connector", "seconds_after_resume": 1813}}
{"ts_ms":1790180915541,"event":"evidence-window-closed","detail":{}}

[23:28:35] operator recovery: reset offsets, drop the lost slot, resnapshot
{"ts_ms":1790180915564,"event":"recovery-start","detail":{}}
204 
UNASSIGNED
200 {"message":"The Connect framework-managed offsets for this connector have been reset successfully. However, if this connector manages offsets externally, they will need to be manually reset in the system that the connector uses."}
{"ts_ms":1790180919543,"event":"resnapshot-start","detail":{"ts_ms":1790180919524,"source_rows":2789417}}
202 
RUNNING
{"ts_ms":1790180980874,"event":"resnapshot-reads-applied","detail":{"reads":2789507}}
{"ts_ms":1790180980896,"event":"generator-rate","detail":{"rate":0}}
 Container cdc-lab-generator-1 Stopping 
 Container cdc-lab-generator-1 Stopped 
{"ts_ms":1790180982156,"event":"generator-stopped","detail":{}}
waiting: end_offsets=8322674 lag=389
waiting: end_offsets=8322674 lag=0
waiting: end_offsets=8322674 lag=0
waiting: end_offsets=8322674 lag=0
waiting: end_offsets=8322674 lag=0
waiting: end_offsets=8322674 lag=0
waiting: end_offsets=8322674 lag=0
waiting: end_offsets=8322674 lag=0
waiting: end_offsets=8322674 lag=0
waiting: end_offsets=8322674 lag=0
waiting: end_offsets=8322674 lag=0
waiting: end_offsets=8322674 lag=0
waiting: end_offsets=8322674 lag=0
waiting: end_offsets=8322674 lag=0
waiting: end_offsets=8322674 lag=0
waiting: end_offsets=8322674 lag=0
waiting: end_offsets=8322674 lag=0
waiting: end_offsets=8322674 lag=0
waiting: end_offsets=8322674 lag=0
quiet: end offsets 8322674 unchanged for 90s, sink lag 0
{
 "label": "after-resnapshot",
 "ts_ms": 1790181077846,
 "contract_version": 1,
 "tables": {
  "device_registry": {
   "columns_compared": [
    "device_id",
    "tenant_id",
    "serial_number",
    "model",
    "gateway_id",
    "status",
    "firmware_version",
    "updated_at_ms"
   ],
   "source_rows": 2297630,
   "clickhouse_logical_rows": 2339127,
   "clickhouse_logical_duplicate_keys": 0,
   "clickhouse_physical_rows": 3339737,
   "clickhouse_physical_extra_versions": 997262,
   "mismatched_buckets": 4096,
   "missing_in_clickhouse": 0,
   "ghost_rows_in_clickhouse": 41497,
   "content_mismatches": 0,
   "samples": {
    "missing": [],
    "ghost": [
     36,
     63,
     69,
     74,
     225,
     245,
     4156,
     4193,
     4284,
     4311
    ],
    "content": []
   },
   "evidence": {
    "36": {
     "source_row": null,
     "clickhouse_versions": [
      {
       "version": 6,
       "is_deleted": 0,
       "sink_id": "91997e52675b",
       "applied_at": "2026-09-23 15:53:34.218"
      }
     ],
     "change_history": [
      {
       "op": "r",
       "snapshot": "true",
       "position": 505167320,
       "partition": 4,
       "offset": 6,
       "source_ts_ms": 1790178811259,
       "sink_id": "91997e52675b",
       "applied_at": "2026-09-23 15:53:34.286",
       "after": "{\"device_id\":36,\"tenant_id\":37,\"serial_number\":\"SN-0000000036\",\"model\":\"pulse-ox-1\",\"gateway_id\":1000036,\"status\":\"active\",\"firmware_version\":\"fw-4.1.10\",\"updated_at_ms\":1757750400036}"
      }
     ]
    },
    "63": {
     "source_row": null,
     "clickhouse_versions": [
      {
       "version": 11,
       "is_deleted": 0,
       "sink_id": "91997e52675b",
       "applied_at": "2026-09-23 15:53:33.465"
      }
     ],
     "change_history": [
      {
       "op": "r",
       "snapshot": "true",
       "position": 505167320,
       "partition": 1,
       "offset": 11,
       "source_ts_ms": 1790178811259,
       "sink_id": "91997e52675b",
       "applied_at": "2026-09-23 15:53:33.533",
       "after": "{\"device_id\":63,\"tenant_id\":64,\"serial_number\":\"SN-0000000063\",\"model\":\"glucose-4\",\"gateway_id\":1000063,\"status\":\"active\",\"firmware_version\":\"fw-4.0.11\",\"updated_at_ms\":1757750400063}"
      }
     ]
    },
    "69": {
     "source_row": null,
     "clickhouse_versions": [
      {
       "version": 12,
       "is_deleted": 0,
       "sink_id": "91997e52675b",
       "applied_at": "2026-09-23 15:53:34.028"
      }
     ],
     "change_history": [
      {
       "op": "r",
       "snapshot": "true",
       "position": 505167320,
       "partition": 3,
       "offset": 12,
       "source_ts_ms": 1790178811259,
       "sink_id": "91997e52675b",
       "applied_at": "2026-09-23 15:53:34.097",
       "after": "{\"device_id\":69,\"tenant_id\":70,\"serial_number\":\"SN-0000000069\",\"model\":\"gateway-hub-2\",\"gateway_id\":1000069,\"status\":\"active\",\"firmware_version\":\"fw-4.6.4\",\"updated_at_ms\":1757750400069}"
      }
     ]
    }
   },
   "converged": false,
   "seconds": 12.2
  },
  "device_status": {
   "columns_compared": [
    "device_id",
    "tenant_id",
    "battery_pct",
    "signal_dbm",
    "connectivity",
    "last_seen_ms",
    "updated_at_ms"
   ],
   "source_rows": 500000,
   "clickhouse_logical_rows": 500000,
   "clickhouse_logical_duplicate_keys": 0,
   "clickhouse_physical_rows": 1115461,
   "clickhouse_physical_extra_versions": 615461,
   "mismatched_buckets": 0,
   "missing_in_clickhouse": 0,
   "ghost_rows_in_clickhouse": 0,
   "content_mismatches": 0,
   "samples": {
    "missing": [],
    "ghost": [],
    "content": []
   },
   "evidence": {},
   "converged": true,
   "seconds": 0.6
  }
 },
 "history": {
  "deliveries": 8319326,
  "distinct_change_events": 8319326,
  "distinct_kafka_records": 8319326,
  "sink_replays": 0,
  "capture_replays": 0,
  "delete_deliveries": 3348,
  "snapshot_read_deliveries": 5289507
 },
 "version_ordering": {
  "device_registry": {
   "keys": 2342475,
   "last_event_differs": 0,
   "final_state_differs": 0,
   "sample_keys": []
  },
  "device_status": {
   "keys": 500000,
   "last_event_differs": 0,
   "final_state_differs": 0,
   "sample_keys": []
  }
 },
 "converged": false
}

[23:31:42] sweep: rows not re-emitted since the resnapshot began were deleted while history was lost
{"ts_ms":1790181103919,"event":"resnapshot-sweep","detail":{"swept_registry":41497,"swept_status":0}}
{
 "label": "after-sweep",
 "ts_ms": 1790181104090,
 "contract_version": 1,
 "tables": {
  "device_registry": {
   "columns_compared": [
    "device_id",
    "tenant_id",
    "serial_number",
    "model",
    "gateway_id",
    "status",
    "firmware_version",
    "updated_at_ms"
   ],
   "source_rows": 2297630,
   "clickhouse_logical_rows": 2297630,
   "clickhouse_logical_duplicate_keys": 0,
   "clickhouse_physical_rows": 3381234,
   "clickhouse_physical_extra_versions": 1038759,
   "mismatched_buckets": 0,
   "missing_in_clickhouse": 0,
   "ghost_rows_in_clickhouse": 0,
   "content_mismatches": 0,
   "samples": {
    "missing": [],
    "ghost": [],
    "content": []
   },
   "evidence": {},
   "converged": true,
   "seconds": 2.8
  },
  "device_status": {
   "columns_compared": [
    "device_id",
    "tenant_id",
    "battery_pct",
    "signal_dbm",
    "connectivity",
    "last_seen_ms",
    "updated_at_ms"
   ],
   "source_rows": 500000,
   "clickhouse_logical_rows": 500000,
   "clickhouse_logical_duplicate_keys": 0,
   "clickhouse_physical_rows": 1115461,
   "clickhouse_physical_extra_versions": 615461,
   "mismatched_buckets": 0,
   "missing_in_clickhouse": 0,
   "ghost_rows_in_clickhouse": 0,
   "content_mismatches": 0,
   "samples": {
    "missing": [],
    "ghost": [],
    "content": []
   },
   "evidence": {},
   "converged": true,
   "seconds": 0.6
  }
 },
 "history": {
  "deliveries": 8319326,
  "distinct_change_events": 8319326,
  "distinct_kafka_records": 8319326,
  "sink_replays": 0,
  "capture_replays": 0,
  "delete_deliveries": 3348,
  "snapshot_read_deliveries": 5289507
 },
 "version_ordering": {
  "device_registry": {
   "keys": 2342475,
   "last_event_differs": 0,
   "final_state_differs": 0,
   "sample_keys": []
  },
  "device_status": {
   "keys": 500000,
   "last_event_differs": 0,
   "final_state_differs": 0,
   "sample_keys": []
  }
 },
 "converged": true
}
{"ts_ms":1790181119699,"event":"oom-check","detail":{"cdc-lab-clickhouse-1":false,"cdc-lab-collector-1":false,"cdc-lab-connect-1-1":false,"cdc-lab-connect-2-1":false,"cdc-lab-generator-1":false,"cdc-lab-kafka-1":false,"cdc-lab-postgres-1":false,"cdc-lab-sink-1":false,"cdc-lab-sink-2":false,"cdc-lab-tools-1":false}}
{
 "capture-stopped": {
  "t_s": 150.6,
  "detail": {
   "confirmed_flush_lsn": "0/3E591080"
  }
 },
 "source-history-lost": {
  "t_s": 273.4,
  "detail": {
   "wal_status": "lost",
   "invalidation_reason": "wal_removed"
  }
 },
 "normal-resume-requested": {
  "t_s": 273.6,
  "detail": {
   "observe_s": 1900
  }
 },
 "normal-resume-stalled": {
  "t_s": 457.7,
  "detail": {
   "connector_state": "RUNNING",
   "task_states": [],
   "slot_retry_log_lines": 92,
   "last_slot_retry_log": "2026-09-23T16:00:56,944 WARN   Postgres||lifecycle  Cannot obtain valid replication slot 'cdc_devices_clickhouse' for plugin 'pgoutput' and database 'devices' [during attempt 93 out of 900, concurrent tx probably blocks taking snapshot.   [io.debezium.connecto",
   "trace": "",
   "seconds_after_resume": 185
  }
 },
 "normal-resume-refused": {
  "t_s": 2086.1,
  "detail": {
   "connector_state": "RUNNING",
   "task_states": [
    "FAILED"
   ],
   "slot_retry_log_lines": 900,
   "last_slot_retry_log": "2026-09-23T16:27:50,971 WARN   Postgres||lifecycle  Cannot obtain valid replication slot 'cdc_devices_clickhouse' for plugin 'pgoutput' and database 'devices' [during attempt 900 out of 900, concurrent tx probably blocks taking snapshot.   [io.debezium.connect",
   "trace": "org.apache.kafka.connect.errors.ConnectException: Unable to obtain valid replication slot. Make sure there are no long-running transactions running in parallel as they may hinder the allocation of the replication slot when starting this connector",
   "seconds_after_resume": 1813
  }
 },
 "recovery-start": {
  "t_s": 2116.2
 },
 "resnapshot-start": {
  "t_s": 2120.2,
  "detail": {
   "ts_ms": 1790180919524,
   "source_rows": 2789417
  }
 },
 "resnapshot-reads-applied": {
  "t_s": 2181.5,
  "detail": {
   "reads": 2789507
  }
 },
 "resnapshot-sweep": {
  "t_s": 2304.5,
  "detail": {
   "swept_registry": 41497,
   "swept_status": 0
  }
 },
 "alerts": [
  {
   "t_s": 151.5,
   "alert": "capture-unassigned",
   "state": "firing"
  },
  {
   "t_s": 253.6,
   "alert": "source-history-unreserved",
   "state": "firing"
  },
  {
   "t_s": 273.6,
   "alert": "source-history-lost",
   "state": "firing"
  },
  {
   "t_s": 273.6,
   "alert": "source-history-unreserved",
   "state": "resolved"
  },
  {
   "t_s": 2074.5,
   "alert": "capture-failed",
   "state": "firing"
  },
  {
   "t_s": 2074.5,
   "alert": "capture-unassigned",
   "state": "resolved"
  },
  {
   "t_s": 2116.5,
   "alert": "capture-unassigned",
   "state": "firing"
  },
  {
   "t_s": 2116.5,
   "alert": "capture-failed",
   "state": "resolved"
  },
  {
   "t_s": 2120.5,
   "alert": "capture-unassigned",
   "state": "resolved"
  },
  {
   "t_s": 2120.5,
   "alert": "source-history-lost",
   "state": "resolved"
  }
 ]
}

=== 16:31:59Z · stopping the lab

=== 16:32:02Z · verifying

recovery · recovery-20260923T151517Z
  postgres 18.6 (Debian 18.6-1.pgdg13+2) · clickhouse 26.8.3.105 · kafka_image apache/kafka:4.3.1 · debezium_image quay.io/debezium/connect:3.6.2.Final
  PASS  scenario finished (events.jsonl ends with oom-check)  —  last event: oom-check
  PASS  no container was OOM-killed  —  none
  PASS  reconcile final converged=True  —  converged=True
  PASS  final: device_registry has no missing, ghost, different or duplicate rows  —  source=2163117 all zero
  PASS  final: device_status has no missing, ghost, different or duplicate rows  —  source=500000 all zero
  PASS  no deleted key is still visible downstream  —  5000 keys deleted, 0 still visible
  PASS  the crashed batch replayed, and nothing else  —  crashed batch 10,000 rows, sink replays 10,000
  PASS  the backfill reached every row  —  NULL rows after backfill: 0
  PASS  drain measured (not a pass condition)  —  5,010,701 records, predicted 95 s
  9/9 checks passed

capture-pressure · capture-pressure-20260923T153833Z
  postgres 18.6 (Debian 18.6-1.pgdg13+2) · clickhouse 26.8.3.105 · kafka_image apache/kafka:4.3.1 · debezium_image quay.io/debezium/connect:3.6.2.Final
  PASS  scenario finished (events.jsonl ends with oom-check)  —  last event: oom-check
  PASS  no container was OOM-killed  —  none
  PASS  reconcile final converged=True  —  converged=True
  PASS  final: device_registry has no missing, ghost, different or duplicate rows  —  source=2093434 all zero
  PASS  final: device_status has no missing, ghost, different or duplicate rows  —  source=500000 all zero
  PASS  outage recorded: kafka-paused
  PASS  outage recorded: kafka-unpaused
  PASS  outage recorded: caught-up
  PASS  the source kept writing into WAL while Kafka was down  —  1.48 GB retained after 240.20000000000002 s, caught up in 179 s
  9/9 checks passed

history-loss · history-loss-20260923T155256Z
  postgres 18.6 (Debian 18.6-1.pgdg13+2) · clickhouse 26.8.3.105 · kafka_image apache/kafka:4.3.1 · debezium_image quay.io/debezium/connect:3.6.2.Final
  PASS  scenario finished (events.jsonl ends with oom-check)  —  last event: oom-check
  PASS  no container was OOM-killed  —  none
  PASS  reconcile after-resnapshot converged=False  —  converged=False
  PASS  after the resnapshot only ghost rows remain (deletes it could not see)  —  41,497 ghost rows, 0 missing, 0 different
  PASS  reconcile after-sweep converged=True  —  converged=True
  PASS  after-sweep: device_registry has no missing, ghost, different or duplicate rows  —  source=2297630 all zero
  PASS  after-sweep: device_status has no missing, ghost, different or duplicate rows  —  source=500000 all zero
  PASS  the lost slot raised an alert  —  capture-failed, capture-unassigned, source-history-lost, source-history-unreserved
  PASS  capture never pretended to resume: lost, refused, then resnapshot and sweep  —  source-history-lost -> normal-resume-requested -> normal-resume-stalled -> normal-resume-refused -> resnapshot-sweep
  9/9 checks passed

3/3 runs pass their scenario's criteria

=== 16:32:03Z · building the visual report
recovery-20260923T151517Z: report.html written (9/9 checks)
capture-pressure-20260923T153833Z: report.html written (9/9 checks)
history-loss-20260923T155256Z: report.html written (9/9 checks)
results/index.html written (3 runs)

=== 16:32:03Z · done: recovery-20260923T151517Z capture-pressure-20260923T153833Z history-loss-20260923T155256Z
