
[03:36:49] resetting environment

[03:36:53] run history-loss-20260913T220653Z

[03:36:53] starting PostgreSQL, Kafka, ClickHouse (seeding 2000000 + 500000 rows)
 Network cdc-lab_lab Creating 
 Network cdc-lab_lab Created 
 Volume cdc-lab_ch-data Creating 
 Volume cdc-lab_ch-data Created 
 Volume cdc-lab_pg-data Creating 
 Volume cdc-lab_pg-data Created 
 Container cdc-lab-clickhouse-1 Creating 
 Container cdc-lab-kafka-1 Creating 
 Container cdc-lab-postgres-1 Creating 
 Container cdc-lab-postgres-1 Created 
 Container cdc-lab-clickhouse-1 Created 
 Container cdc-lab-kafka-1 Created 
 Container cdc-lab-postgres-1 Starting 
 Container cdc-lab-kafka-1 Starting 
 Container cdc-lab-clickhouse-1 Starting 
 Container cdc-lab-kafka-1 Started 
 Container cdc-lab-clickhouse-1 Started 
 Container cdc-lab-postgres-1 Started 
 Container cdc-lab-postgres-1 Waiting 
 Container cdc-lab-clickhouse-1 Waiting 
 Container cdc-lab-kafka-1 Waiting 
 Container cdc-lab-clickhouse-1 Healthy 
 Container cdc-lab-postgres-1 Healthy 
 Container cdc-lab-kafka-1 Healthy 
 Container cdc-lab-kafka-1 Running 
 Container cdc-lab-clickhouse-1 Running 
 Container cdc-lab-tools-1 Creating 
 Container cdc-lab-postgres-1 Running 
 Container cdc-lab-collector-1 Creating 
 Container cdc-lab-tools-1 Created 
 Container cdc-lab-collector-1 Created 
 Container cdc-lab-kafka-1 Waiting 
 Container cdc-lab-clickhouse-1 Waiting 
 Container cdc-lab-postgres-1 Waiting 
 Container cdc-lab-kafka-1 Waiting 
 Container cdc-lab-kafka-1 Healthy 
 Container cdc-lab-tools-1 Starting 
 Container cdc-lab-clickhouse-1 Healthy 
 Container cdc-lab-postgres-1 Healthy 
 Container cdc-lab-kafka-1 Healthy 
 Container cdc-lab-collector-1 Starting 
 Container cdc-lab-collector-1 Started 
 Container cdc-lab-tools-1 Started 
 Container cdc-lab-kafka-1 Running 
 Container cdc-lab-postgres-1 Running 
 Container cdc-lab-connect-1-1 Creating 
 Container cdc-lab-connect-1-1 Created 
 Container cdc-lab-postgres-1 Waiting 
 Container cdc-lab-kafka-1 Waiting 
 Container cdc-lab-postgres-1 Healthy 
 Container cdc-lab-kafka-1 Healthy 
 Container cdc-lab-connect-1-1 Starting 
 Container cdc-lab-connect-1-1 Started 
{"ts_ms":1789337231503,"event":"connect-worker-ready","detail":{"worker":"connect-1","attempt":1}}
 Container cdc-lab-postgres-1 Running 
 Container cdc-lab-kafka-1 Running 
 Container cdc-lab-connect-2-1 Creating 
 Container cdc-lab-connect-2-1 Created 
 Container cdc-lab-kafka-1 Waiting 
 Container cdc-lab-postgres-1 Waiting 
 Container cdc-lab-kafka-1 Healthy 
 Container cdc-lab-postgres-1 Healthy 
 Container cdc-lab-connect-2-1 Starting 
 Container cdc-lab-connect-2-1 Started 
{"ts_ms":1789337242352,"event":"connect-worker-ready","detail":{"worker":"connect-2","attempt":1}}
{"ts_ms":1789337243245,"event":"environment-ready","detail":{"postgres": "18.6 (Debian 18.6-1.pgdg13+2)", "clickhouse": "26.8.3.105", "kafka_image": "apache/kafka:4.3.1", "debezium_image": "quay.io/debezium/connect:3.6.2.Final", "connect": {"kafka_connect": "4.3.0", "postgres_plugin": [{"class": "io.debezium.connector.postgresql.PostgresConnector", "type": "source", "version": "3.6.2.Final"}]}, "docker_cpus": 15, "docker_memory_bytes": 8321011712, "host": "Apple M5 Pro"}}
{"ts_ms":1789337243265,"event":"connector-register","detail":{"snapshot.mode":"initial"}}
201 {"name":"pg-devices","config":{"connector.class":"io.debezium.connector.postgresql.PostgresConnector","tasks.max":"1","database.hostname":"postgres","database.port":"5432","database.dbname":"devices","database.user":"cdc_capture","database.password":"${env:CDC_CAPTURE_PASSWORD}","topic.prefix":"pg-devices","plugin.name":"pgoutput","slot.name":"cdc_devices_clickhouse","publication.name":"cdc_devices","publication.autocreate.mode":"disabled","table.include.list":"ops.device_registry,ops.device_sta
 Container cdc-lab-clickhouse-1 Running 
 Container cdc-lab-kafka-1 Running 
 Container cdc-lab-sink-2 Creating 
 Container cdc-lab-sink-1 Creating 
 Container cdc-lab-sink-2 Created 
 Container cdc-lab-sink-1 Created 
 Container cdc-lab-kafka-1 Waiting 
 Container cdc-lab-clickhouse-1 Waiting 
 Container cdc-lab-kafka-1 Healthy 
 Container cdc-lab-clickhouse-1 Healthy 
 Container cdc-lab-sink-1 Starting 
 Container cdc-lab-sink-1 Started 
 Container cdc-lab-sink-2 Starting 
 Container cdc-lab-sink-2 Started 
RUNNING

[03:37:25] load: source=2500000 clickhouse=20000

[03:37:40] load: source=2500000 clickhouse=1150000

[03:37:55] load: source=2500000 clickhouse=2430042

[03:38:11] load: source=2500000 clickhouse=2500000
{"ts_ms":1789337291294,"event":"initial-load-complete","detail":{}}
{"ts_ms":1789337291319,"event":"generator-rate","detail":{"rate":20000}}
 Container cdc-lab-postgres-1 Running 
 Container cdc-lab-generator-1 Creating 
 Container cdc-lab-generator-1 Created 
 Container cdc-lab-postgres-1 Waiting 
 Container cdc-lab-postgres-1 Healthy 
 Container cdc-lab-generator-1 Starting 
 Container cdc-lab-generator-1 Started 
{"ts_ms":1789337292430,"event":"baseline-start","detail":{"lambda":20000}}

[03:39:42] bounding slot WAL retention to 1GB, then stopping capture
{"ts_ms":1789337382681,"event":"slot-retention-bounded","detail":{"max_slot_wal_keep_size":"1GB"}}
204 
RUNNING
{"ts_ms":1789337383174,"event":"capture-stopped","detail":{"confirmed_flush_lsn":"0/426F3D48"}}

[03:39:43] application keeps writing; checkpoint until the slot loses its history
{"ts_ms":1789337506408,"event":"source-history-lost","detail":{"wal_status":"lost","invalidation_reason":"wal_removed"}}

[03:41:46] attempting normal resume; observing for up to 1900s
202 
{"ts_ms":1789337506608,"event":"normal-resume-requested","detail":{"observe_s":1900}}
{"ts_ms":1789337692268,"event":"normal-resume-stalled","detail":{"connector_state": "RUNNING", "task_states": [], "slot_retry_log_lines": 93, "last_slot_retry_log": "2026-09-13T22:14:50,641 WARN   Postgres||lifecycle  Cannot obtain valid replication slot 'cdc_devices_clickhouse' for plugin 'pgoutput' and database 'devices' [during attempt 93 out of 900, concurrent tx probably blocks taking snapshot.   [io.debezium.connecto", "trace": "", "seconds_after_resume": 186}}
{"ts_ms":1789339318905,"event":"normal-resume-refused","detail":{"connector_state": "RUNNING", "task_states": ["FAILED"], "slot_retry_log_lines": 900, "last_slot_retry_log": "2026-09-13T22:41:44,620 WARN   Postgres||lifecycle  Cannot obtain valid replication slot 'cdc_devices_clickhouse' for plugin 'pgoutput' and database 'devices' [during attempt 900 out of 900, concurrent tx probably blocks taking snapshot.   [io.debezium.connect", "trace": "org.apache.kafka.connect.errors.ConnectException: Unable to obtain valid replication slot. Make sure there are no long-running transactions running in parallel as they may hinder the allocation of the replication slot when starting this connector", "seconds_after_resume": 1812}}
{"ts_ms":1789339348965,"event":"evidence-window-closed","detail":{}}

[04:12:28] operator recovery: reset offsets, drop the lost slot, resnapshot
{"ts_ms":1789339348988,"event":"recovery-start","detail":{}}
204 
UNASSIGNED
200 {"message":"The Connect framework-managed offsets for this connector have been reset successfully. However, if this connector manages offsets externally, they will need to be manually reset in the system that the connector uses."}
{"ts_ms":1789339353098,"event":"resnapshot-start","detail":{"ts_ms":1789339353078,"source_rows":2789518}}
202 
RUNNING
{"ts_ms":1789339415211,"event":"resnapshot-reads-applied","detail":{"reads":2789558}}
{"ts_ms":1789339415231,"event":"generator-rate","detail":{"rate":0}}
 Container cdc-lab-generator-1 Stopping 
 Container cdc-lab-generator-1 Stopped 
{"ts_ms":1789339416549,"event":"generator-stopped","detail":{}}
waiting: end_offsets=8331199 lag=719
waiting: end_offsets=8331199 lag=0
waiting: end_offsets=8331199 lag=0
waiting: end_offsets=8331199 lag=0
waiting: end_offsets=8331199 lag=0
waiting: end_offsets=8331199 lag=0
waiting: end_offsets=8331199 lag=0
waiting: end_offsets=8331199 lag=0
waiting: end_offsets=8331199 lag=0
waiting: end_offsets=8331199 lag=0
waiting: end_offsets=8331199 lag=0
waiting: end_offsets=8331199 lag=0
waiting: end_offsets=8331199 lag=0
waiting: end_offsets=8331199 lag=0
waiting: end_offsets=8331199 lag=0
waiting: end_offsets=8331199 lag=0
waiting: end_offsets=8331199 lag=0
waiting: end_offsets=8331199 lag=0
waiting: end_offsets=8331199 lag=0
quiet: end offsets 8331199 unchanged for 90s, sink lag 0
{
 "label": "after-resnapshot",
 "ts_ms": 1789339512366,
 "contract_version": 1,
 "tables": {
  "device_registry": {
   "columns_compared": [
    "device_id",
    "tenant_id",
    "serial_number",
    "model",
    "gateway_id",
    "status",
    "firmware_version",
    "updated_at_ms"
   ],
   "source_rows": 2299082,
   "clickhouse_logical_rows": 2340813,
   "clickhouse_logical_duplicate_keys": 0,
   "clickhouse_physical_rows": 2452041,
   "clickhouse_physical_extra_versions": 108116,
   "mismatched_buckets": 4096,
   "missing_in_clickhouse": 0,
   "ghost_rows_in_clickhouse": 41731,
   "content_mismatches": 0,
   "samples": {
    "missing": [],
    "ghost": [
     92,
     100,
     182,
     221,
     4174,
     4176,
     4177,
     4277,
     4288,
     4300
    ],
    "content": []
   },
   "evidence": {
    "92": {
     "source_row": null,
     "clickhouse_versions": [
      {
       "version": 343348,
       "is_deleted": 0,
       "sink_id": "cabd672824d8",
       "applied_at": "2026-09-13 22:09:08.659"
      }
     ],
     "change_history": [
      {
       "op": "r",
       "snapshot": "true",
       "position": 505167368,
       "partition": 1,
       "offset": 17,
       "source_ts_ms": 1789337243750,
       "sink_id": "d17db4e084f0",
       "applied_at": "2026-09-13 22:07:25.599",
       "after": "{\"device_id\":92,\"tenant_id\":93,\"serial_number\":\"SN-0000000092\",\"model\":\"ecg-patch-3\",\"gateway_id\":1000092,\"status\":\"active\",\"firmware_version\":\"fw-4.1.1\",\"updated_at_ms\":1757750400092}"
      },
      {
       "op": "u",
       "snapshot": "false",
       "position": 988716360,
       "partition": 1,
       "offset": 343348,
       "source_ts_ms": 1789337347894,
       "sink_id": "cabd672824d8",
       "applied_at": "2026-09-13 22:09:08.779",
       "after": "{\"device_id\":92,\"tenant_id\":93,\"serial_number\":\"SN-0000000092\",\"model\":\"ecg-patch-3\",\"gateway_id\":1000092,\"status\":\"retired\",\"firmware_version\":\"fw-5.8.12\",\"updated_at_ms\":1789337347893}"
      }
     ]
    },
    "100": {
     "source_row": null,
     "clickhouse_versions": [
      {
       "version": 14,
       "is_deleted": 0,
       "sink_id": "d17db4e084f0",
       "applied_at": "2026-09-13 22:07:25.730"
      }
     ],
     "change_history": [
      {
       "op": "r",
       "snapshot": "true",
       "position": 505167368,
       "partition": 0,
       "offset": 14,
       "source_ts_ms": 1789337243750,
       "sink_id": "d17db4e084f0",
       "applied_at": "2026-09-13 22:07:25.806",
       "after": "{\"device_id\":100,\"tenant_id\":101,\"serial_number\":\"SN-0000000100\",\"model\":\"bp-cuff-2\",\"gateway_id\":1000100,\"status\":\"active\",\"firmware_version\":\"fw-4.2.9\",\"updated_at_ms\":1757750400100}"
      }
     ]
    },
    "182": {
     "source_row": null,
     "clickhouse_versions": [
      {
       "version": 28,
       "is_deleted": 0,
       "sink_id": "d17db4e084f0",
       "applied_at": "2026-09-13 22:07:25.730"
      }
     ],
     "change_history": [
      {
       "op": "r",
       "snapshot": "true",
       "position": 505167368,
       "partition": 0,
       "offset": 28,
       "source_ts_ms": 1789337243750,
       "sink_id": "d17db4e084f0",
       "applied_at": "2026-09-13 22:07:25.806",
       "after": "{\"device_id\":182,\"tenant_id\":183,\"serial_number\":\"SN-0000000182\",\"model\":\"ecg-patch-3\",\"gateway_id\":1000182,\"status\":\"active\",\"firmware_version\":\"fw-4.0.0\",\"updated_at_ms\":1757750400182}"
      }
     ]
    }
   },
   "converged": false,
   "seconds": 12.6
  },
  "device_status": {
   "columns_compared": [
    "device_id",
    "tenant_id",
    "battery_pct",
    "signal_dbm",
    "connectivity",
    "last_seen_ms",
    "updated_at_ms"
   ],
   "source_rows": 500000,
   "clickhouse_logical_rows": 500000,
   "clickhouse_logical_duplicate_keys": 0,
   "clickhouse_physical_rows": 574112,
   "clickhouse_physical_extra_versions": 74112,
   "mismatched_buckets": 0,
   "missing_in_clickhouse": 0,
   "ghost_rows_in_clickhouse": 0,
   "content_mismatches": 0,
   "samples": {
    "missing": [],
    "ghost": [],
    "content": []
   },
   "evidence": {},
   "converged": true,
   "seconds": 0.6
  }
 },
 "history": {
  "deliveries": 8328087,
  "distinct_change_events": 8328087,
  "distinct_kafka_records": 8328087,
  "sink_replays": 0,
  "capture_replays": 0,
  "delete_deliveries": 3112,
  "snapshot_read_deliveries": 5289558
 },
 "version_ordering": {
  "device_registry": {
   "keys": 2343925,
   "last_event_differs": 0,
   "final_state_differs": 0,
   "sample_keys": []
  },
  "device_status": {
   "keys": 500000,
   "last_event_differs": 0,
   "final_state_differs": 0,
   "sample_keys": []
  }
 },
 "converged": false
}

[04:15:39] sweep: rows not re-emitted since the resnapshot began were deleted while history was lost
{"ts_ms":1789339540655,"event":"resnapshot-sweep","detail":{"swept_registry":41731,"swept_status":0}}
{
 "label": "after-sweep",
 "ts_ms": 1789339540890,
 "contract_version": 1,
 "tables": {
  "device_registry": {
   "columns_compared": [
    "device_id",
    "tenant_id",
    "serial_number",
    "model",
    "gateway_id",
    "status",
    "firmware_version",
    "updated_at_ms"
   ],
   "source_rows": 2299082,
   "clickhouse_logical_rows": 2299082,
   "clickhouse_logical_duplicate_keys": 0,
   "clickhouse_physical_rows": 2493772,
   "clickhouse_physical_extra_versions": 149847,
   "mismatched_buckets": 0,
   "missing_in_clickhouse": 0,
   "ghost_rows_in_clickhouse": 0,
   "content_mismatches": 0,
   "samples": {
    "missing": [],
    "ghost": [],
    "content": []
   },
   "evidence": {},
   "converged": true,
   "seconds": 3.0
  },
  "device_status": {
   "columns_compared": [
    "device_id",
    "tenant_id",
    "battery_pct",
    "signal_dbm",
    "connectivity",
    "last_seen_ms",
    "updated_at_ms"
   ],
   "source_rows": 500000,
   "clickhouse_logical_rows": 500000,
   "clickhouse_logical_duplicate_keys": 0,
   "clickhouse_physical_rows": 574112,
   "clickhouse_physical_extra_versions": 74112,
   "mismatched_buckets": 0,
   "missing_in_clickhouse": 0,
   "ghost_rows_in_clickhouse": 0,
   "content_mismatches": 0,
   "samples": {
    "missing": [],
    "ghost": [],
    "content": []
   },
   "evidence": {},
   "converged": true,
   "seconds": 0.6
  }
 },
 "history": {
  "deliveries": 8328087,
  "distinct_change_events": 8328087,
  "distinct_kafka_records": 8328087,
  "sink_replays": 0,
  "capture_replays": 0,
  "delete_deliveries": 3112,
  "snapshot_read_deliveries": 5289558
 },
 "version_ordering": {
  "device_registry": {
   "keys": 2343925,
   "last_event_differs": 0,
   "final_state_differs": 0,
   "sample_keys": []
  },
  "device_status": {
   "keys": 500000,
   "last_event_differs": 0,
   "final_state_differs": 0,
   "sample_keys": []
  }
 },
 "converged": true
}
{"ts_ms":1789339559286,"event":"oom-check","detail":{"cdc-lab-clickhouse-1":false,"cdc-lab-collector-1":false,"cdc-lab-connect-1-1":false,"cdc-lab-connect-2-1":false,"cdc-lab-generator-1":false,"cdc-lab-kafka-1":false,"cdc-lab-postgres-1":false,"cdc-lab-sink-1":false,"cdc-lab-sink-2":false,"cdc-lab-tools-1":false}}
{
 "capture-stopped": {
  "t_s": 151.7,
  "detail": {
   "confirmed_flush_lsn": "0/426F3D48"
  }
 },
 "source-history-lost": {
  "t_s": 274.9,
  "detail": {
   "wal_status": "lost",
   "invalidation_reason": "wal_removed"
  }
 },
 "normal-resume-requested": {
  "t_s": 275.1,
  "detail": {
   "observe_s": 1900
  }
 },
 "normal-resume-stalled": {
  "t_s": 460.8,
  "detail": {
   "connector_state": "RUNNING",
   "task_states": [],
   "slot_retry_log_lines": 93,
   "last_slot_retry_log": "2026-09-13T22:14:50,641 WARN   Postgres||lifecycle  Cannot obtain valid replication slot 'cdc_devices_clickhouse' for plugin 'pgoutput' and database 'devices' [during attempt 93 out of 900, concurrent tx probably blocks taking snapshot.   [io.debezium.connecto",
   "trace": "",
   "seconds_after_resume": 186
  }
 },
 "normal-resume-refused": {
  "t_s": 2087.4,
  "detail": {
   "connector_state": "RUNNING",
   "task_states": [
    "FAILED"
   ],
   "slot_retry_log_lines": 900,
   "last_slot_retry_log": "2026-09-13T22:41:44,620 WARN   Postgres||lifecycle  Cannot obtain valid replication slot 'cdc_devices_clickhouse' for plugin 'pgoutput' and database 'devices' [during attempt 900 out of 900, concurrent tx probably blocks taking snapshot.   [io.debezium.connect",
   "trace": "org.apache.kafka.connect.errors.ConnectException: Unable to obtain valid replication slot. Make sure there are no long-running transactions running in parallel as they may hinder the allocation of the replication slot when starting this connector",
   "seconds_after_resume": 1812
  }
 },
 "recovery-start": {
  "t_s": 2117.5
 },
 "resnapshot-start": {
  "t_s": 2121.6,
  "detail": {
   "ts_ms": 1789339353078,
   "source_rows": 2789518
  }
 },
 "resnapshot-reads-applied": {
  "t_s": 2183.7,
  "detail": {
   "reads": 2789558
  }
 },
 "resnapshot-sweep": {
  "t_s": 2309.2,
  "detail": {
   "swept_registry": 41731,
   "swept_status": 0
  }
 },
 "alerts": [
  {
   "t_s": 153.6,
   "alert": "capture-unassigned",
   "state": "firing"
  },
  {
   "t_s": 255.6,
   "alert": "source-history-unreserved",
   "state": "firing"
  },
  {
   "t_s": 275.6,
   "alert": "source-history-lost",
   "state": "firing"
  },
  {
   "t_s": 275.6,
   "alert": "source-history-unreserved",
   "state": "resolved"
  },
  {
   "t_s": 2076.4,
   "alert": "capture-failed",
   "state": "firing"
  },
  {
   "t_s": 2076.4,
   "alert": "capture-unassigned",
   "state": "resolved"
  },
  {
   "t_s": 2118.4,
   "alert": "capture-unassigned",
   "state": "firing"
  },
  {
   "t_s": 2118.4,
   "alert": "capture-failed",
   "state": "resolved"
  },
  {
   "t_s": 2122.4,
   "alert": "capture-unassigned",
   "state": "resolved"
  },
  {
   "t_s": 2122.4,
   "alert": "source-history-lost",
   "state": "resolved"
  }
 ]
}
