
[02:06:37] resetting environment

[02:06:41] run recovery-20260913T203641Z

[02:06:41] starting PostgreSQL, Kafka, ClickHouse (seeding 2000000 + 500000 rows)
 Network cdc-lab_lab Creating 
 Network cdc-lab_lab Created 
 Volume cdc-lab_pg-data Creating 
 Volume cdc-lab_pg-data Created 
 Volume cdc-lab_ch-data Creating 
 Volume cdc-lab_ch-data Created 
 Container cdc-lab-clickhouse-1 Creating 
 Container cdc-lab-postgres-1 Creating 
 Container cdc-lab-kafka-1 Creating 
 Container cdc-lab-clickhouse-1 Created 
 Container cdc-lab-postgres-1 Created 
 Container cdc-lab-kafka-1 Created 
 Container cdc-lab-clickhouse-1 Starting 
 Container cdc-lab-kafka-1 Starting 
 Container cdc-lab-postgres-1 Starting 
 Container cdc-lab-kafka-1 Started 
 Container cdc-lab-postgres-1 Started 
 Container cdc-lab-clickhouse-1 Started 
 Container cdc-lab-clickhouse-1 Waiting 
 Container cdc-lab-kafka-1 Waiting 
 Container cdc-lab-postgres-1 Waiting 
 Container cdc-lab-clickhouse-1 Healthy 
 Container cdc-lab-postgres-1 Healthy 
 Container cdc-lab-kafka-1 Healthy 
 Container cdc-lab-postgres-1 Running 
 Container cdc-lab-clickhouse-1 Running 
 Container cdc-lab-kafka-1 Running 
 Container cdc-lab-tools-1 Creating 
 Container cdc-lab-collector-1 Creating 
 Container cdc-lab-collector-1 Created 
 Container cdc-lab-tools-1 Created 
 Container cdc-lab-kafka-1 Waiting 
 Container cdc-lab-postgres-1 Waiting 
 Container cdc-lab-kafka-1 Waiting 
 Container cdc-lab-clickhouse-1 Waiting 
 Container cdc-lab-clickhouse-1 Healthy 
 Container cdc-lab-kafka-1 Healthy 
 Container cdc-lab-tools-1 Starting 
 Container cdc-lab-kafka-1 Healthy 
 Container cdc-lab-postgres-1 Healthy 
 Container cdc-lab-collector-1 Starting 
 Container cdc-lab-tools-1 Started 
 Container cdc-lab-collector-1 Started 
 Container cdc-lab-postgres-1 Running 
 Container cdc-lab-kafka-1 Running 
 Container cdc-lab-connect-1-1 Creating 
 Container cdc-lab-connect-1-1 Created 
 Container cdc-lab-kafka-1 Waiting 
 Container cdc-lab-postgres-1 Waiting 
 Container cdc-lab-kafka-1 Healthy 
 Container cdc-lab-postgres-1 Healthy 
 Container cdc-lab-connect-1-1 Starting 
 Container cdc-lab-connect-1-1 Started 
{"ts_ms":1789331819550,"event":"connect-worker-ready","detail":{"worker":"connect-1","attempt":1}}
 Container cdc-lab-kafka-1 Running 
 Container cdc-lab-postgres-1 Running 
 Container cdc-lab-connect-2-1 Creating 
 Container cdc-lab-connect-2-1 Created 
 Container cdc-lab-kafka-1 Waiting 
 Container cdc-lab-postgres-1 Waiting 
 Container cdc-lab-postgres-1 Healthy 
 Container cdc-lab-kafka-1 Healthy 
 Container cdc-lab-connect-2-1 Starting 
 Container cdc-lab-connect-2-1 Started 
{"ts_ms":1789331830228,"event":"connect-worker-ready","detail":{"worker":"connect-2","attempt":1}}
{"ts_ms":1789331831123,"event":"environment-ready","detail":{"postgres": "18.6 (Debian 18.6-1.pgdg13+2)", "clickhouse": "26.8.3.105", "kafka_image": "apache/kafka:4.3.1", "debezium_image": "quay.io/debezium/connect:3.6.2.Final", "connect": {"kafka_connect": "4.3.0", "postgres_plugin": [{"class": "io.debezium.connector.postgresql.PostgresConnector", "type": "source", "version": "3.6.2.Final"}]}, "docker_cpus": 15, "docker_memory_bytes": 8321011712, "host": "Apple M5 Pro"}}
{"ts_ms":1789331831145,"event":"connector-register","detail":{"snapshot.mode":"initial"}}
201 {"name":"pg-devices","config":{"connector.class":"io.debezium.connector.postgresql.PostgresConnector","tasks.max":"1","database.hostname":"postgres","database.port":"5432","database.dbname":"devices","database.user":"cdc_capture","database.password":"${env:CDC_CAPTURE_PASSWORD}","topic.prefix":"pg-devices","plugin.name":"pgoutput","slot.name":"cdc_devices_clickhouse","publication.name":"cdc_devices","publication.autocreate.mode":"disabled","table.include.list":"ops.device_registry,ops.device_sta
 Container cdc-lab-kafka-1 Running 
 Container cdc-lab-clickhouse-1 Running 
 Container cdc-lab-sink-2 Creating 
 Container cdc-lab-sink-1 Creating 
 Container cdc-lab-sink-2 Created 
 Container cdc-lab-sink-1 Created 
 Container cdc-lab-clickhouse-1 Waiting 
 Container cdc-lab-kafka-1 Waiting 
 Container cdc-lab-kafka-1 Healthy 
 Container cdc-lab-clickhouse-1 Healthy 
 Container cdc-lab-sink-1 Starting 
 Container cdc-lab-sink-1 Started 
 Container cdc-lab-sink-2 Starting 
 Container cdc-lab-sink-2 Started 
RUNNING

[02:07:12] load: source=2500000 clickhouse=10000

[02:07:28] load: source=2500000 clickhouse=1114135

[02:07:43] load: source=2500000 clickhouse=2391791

[02:07:58] load: source=2500000 clickhouse=2500000
{"ts_ms":1789331878865,"event":"initial-load-complete","detail":{}}

[02:07:59] baseline at 20000 changes/s
{"ts_ms":1789331879056,"event":"generator-rate","detail":{"rate":20000}}
 Container cdc-lab-postgres-1 Running 
 Container cdc-lab-generator-1 Creating 
 Container cdc-lab-generator-1 Created 
 Container cdc-lab-postgres-1 Waiting 
 Container cdc-lab-postgres-1 Healthy 
 Container cdc-lab-generator-1 Starting 
 Container cdc-lab-generator-1 Started 
{"ts_ms":1789331879930,"event":"baseline-start","detail":{"lambda":20000,"mu_measured":73105}}

[02:10:59] schema change: device_registry.firmware_channel
{"ts_ms":1789332060384,"event":"source-ddl","detail":{"ddl":"ALTER TABLE ops.device_registry ADD COLUMN firmware_channel text NOT NULL DEFAULT 'stable'"}}
{"ts_ms":1789332105753,"event":"contract-v2","detail":{"clickhouse":"ADD COLUMN firmware_channel Nullable(String)"}}
{"ts_ms":1789332136129,"event":"new-column-null-before-backfill","detail":{"null_rows":2005953,"live_rows":2035840,"source_value":"stable"}}

[02:12:16] incremental snapshot of device_registry (backfills firmware_channel for rows no event has touched)
{"ts_ms":1789332136271,"event":"incremental-snapshot-signal","detail":{"signal_id":"snap-1789332136152","collections":["ops.device_registry"]}}

[02:13:01] throttling ClickHouse until the sink falls behind the live rate (600s in total)
{"ts_ms":1789332226523,"event":"clickhouse-throttled","detail":{"cpus":0.5,"lag_growth_per_s":-273}}
{"ts_ms":1789332271701,"event":"clickhouse-throttled","detail":{"cpus":0.3,"lag_growth_per_s":187}}
{"ts_ms":1789332316899,"event":"clickhouse-throttled","detail":{"cpus":0.2,"lag_growth_per_s":34}}
{"ts_ms":1789332362095,"event":"clickhouse-throttled","detail":{"cpus":0.12,"lag_growth_per_s":3525}}
{"ts_ms":1789332407312,"event":"clickhouse-throttled","detail":{"cpus":0.08,"lag_growth_per_s":9065}}

[02:17:32] killing Connect worker that runs the capture task: connect-1
{"ts_ms":1789332452812,"event":"connect-worker-killed","detail":{"worker":"connect-1","slot_confirmed_flush_lsn":"0/B60C7FF8"}}

[02:18:33] arming sink crash after insert, before offset commit
{"ts_ms":1789332513179,"event":"sink-crash-armed","detail":{}}

[02:19:33] explicit delete batch of 5000 devices
{"ts_ms":1789332574244,"event":"delete-batch","detail":{"keys":5000}}

[02:19:34] reached: capture task running on a surviving worker
{"ts_ms":1789332574314,"event":"capture-task-running","detail":{"worker":"connect-2:8083"}}

[02:19:34] restarting killed worker connect-1
{"ts_ms":1789332574527,"event":"connect-worker-restarted","detail":{"worker":"connect-1"}}
{"ts_ms":1789332781798,"event":"clickhouse-restored","detail":{"backlog":5691230,"lambda_observed":19089,"mu_measured":73105,"predicted_drain_s":105}}

[02:25:03] reached: backlog drained (oldest unapplied change < 5 s)
{"ts_ms":1789332903477,"event":"backlog-drained","detail":{"observed_drain_s":121,"predicted_drain_s":105}}
{"ts_ms":1789333083537,"event":"steady-state-after-recovery","detail":{}}
{"ts_ms":1789333083967,"event":"new-column-null-after-backfill","detail":{"null_rows":0,"live_rows":2161840}}

[02:28:03] stop load, wait for quiescence, reconcile
{"ts_ms":1789333083994,"event":"generator-rate","detail":{"rate":0}}
 Container cdc-lab-generator-1 Stopping 
 Container cdc-lab-generator-1 Stopped 
{"ts_ms":1789333085280,"event":"generator-stopped","detail":{}}
waiting: end_offsets=28929659 lag=0
waiting: end_offsets=28929659 lag=0
waiting: end_offsets=28929659 lag=0
waiting: end_offsets=28929659 lag=0
waiting: end_offsets=28929659 lag=0
waiting: end_offsets=28929659 lag=0
waiting: end_offsets=28929659 lag=0
waiting: end_offsets=28929659 lag=0
waiting: end_offsets=28929659 lag=0
waiting: end_offsets=28929659 lag=0
waiting: end_offsets=28929659 lag=0
waiting: end_offsets=28929659 lag=0
waiting: end_offsets=28929659 lag=0
waiting: end_offsets=28929659 lag=0
waiting: end_offsets=28929659 lag=0
waiting: end_offsets=28929659 lag=0
waiting: end_offsets=28929659 lag=0
waiting: end_offsets=28929659 lag=0
waiting: end_offsets=28929659 lag=0
quiet: end offsets 28929659 unchanged for 90s, sink lag 0
{
 "label": "final",
 "ts_ms": 1789333181118,
 "contract_version": 2,
 "tables": {
  "device_registry": {
   "columns_compared": [
    "device_id",
    "tenant_id",
    "serial_number",
    "model",
    "gateway_id",
    "status",
    "firmware_version",
    "updated_at_ms",
    "firmware_channel"
   ],
   "source_rows": 2161992,
   "clickhouse_logical_rows": 2161992,
   "clickhouse_logical_duplicate_keys": 0,
   "clickhouse_physical_rows": 2322708,
   "clickhouse_physical_extra_versions": 130308,
   "mismatched_buckets": 1,
   "missing_in_clickhouse": 0,
   "ghost_rows_in_clickhouse": 0,
   "content_mismatches": 1,
   "samples": {
    "missing": [],
    "ghost": [],
    "content": [
     1527342
    ]
   },
   "converged": false,
   "seconds": 3.7
  },
  "device_status": {
   "columns_compared": [
    "device_id",
    "tenant_id",
    "battery_pct",
    "signal_dbm",
    "connectivity",
    "last_seen_ms",
    "updated_at_ms"
   ],
   "source_rows": 500000,
   "clickhouse_logical_rows": 500000,
   "clickhouse_logical_duplicate_keys": 0,
   "clickhouse_physical_rows": 1570605,
   "clickhouse_physical_extra_versions": 1070605,
   "mismatched_buckets": 0,
   "missing_in_clickhouse": 0,
   "ghost_rows_in_clickhouse": 0,
   "content_mismatches": 0,
   "samples": {
    "missing": [],
    "ghost": [],
    "content": []
   },
   "converged": true,
   "seconds": 0.8
  }
 },
 "explicit_delete_batch": {
  "keys": 5000,
  "still_in_source": 0,
  "still_visible_in_clickhouse": 0
 },
 "history": {
  "deliveries": 28908773,
  "distinct_change_events": 28470611,
  "distinct_kafka_records": 28898791,
  "sink_replays": 9982,
  "capture_replays": 428180,
  "delete_deliveries": 30886,
  "snapshot_read_deliveries": 4539800
 },
 "converged": false
}
{"ts_ms":1789333198880,"event":"oom-check","detail":{"cdc-lab-clickhouse-1":false,"cdc-lab-collector-1":false,"cdc-lab-connect-1-1":false,"cdc-lab-connect-2-1":false,"cdc-lab-generator-1":false,"cdc-lab-kafka-1":false,"cdc-lab-postgres-1":false,"cdc-lab-sink-1":false,"cdc-lab-sink-2":false,"cdc-lab-tools-1":false}}
{
 "freshness_baseline": {
  "applied": 3004406,
  "p50_ms": 975,
  "p95_ms": 1390,
  "p99_ms": 1503
 },
 "freshness_worst_10s_bucket_p99_ms": 348314,
 "drain": {
  "backlog": 5691230,
  "lambda_observed": 19089,
  "mu_measured": 73105,
  "predicted_drain_s": 105,
  "observed_drain_s": 121
 },
 "freshness_after_recovery": {
  "applied": 2402788,
  "p50_ms": 725,
  "p95_ms": 1076,
  "p99_ms": 1175
 },
 "peak_sink_lag_records": 6284072,
 "peak_oldest_unapplied_age_ms": 320040,
 "peak_retained_wal_bytes": 765300992,
 "peak_wal_status": [
  "reserved"
 ],
 "worker_kill": {
  "worker": "connect-1",
  "capture_resumed_after_s": 15.0,
  "status_said_running_on_dead_worker_s": 5.4,
  "states_seen": [
   "RUNNING"
  ],
  "resumed_on": "connect-2:8083",
  "peak_unconfirmed_wal_bytes_during_outage": 107940440
 },
 "sink_crash": {
  "rows_in_crashed_batch": 9982,
  "offsets": {
   "pg-devices.ops.device_registry[2]": [
    784917,
    785812
   ],
   "pg-devices.ops.device_status[0]": [
    1701882,
    1710985
   ]
  }
 },
 "unmapped_field_events": [
  {
   "ts_ms": 1789332061417,
   "event": "sink-unmapped-fields",
   "sink_id": "2448f44e2538",
   "fields": [
    "device_registry.firmware_channel"
   ],
   "contract_version": 1
  },
  {
   "ts_ms": 1789332061603,
   "event": "sink-unmapped-fields",
   "sink_id": "f3f05643b54e",
   "fields": [
    "device_registry.firmware_channel"
   ],
   "contract_version": 1
  }
 ],
 "schema_backfill": {
  "null_before": {
   "null_rows": 2005953,
   "live_rows": 2035840,
   "source_value": "stable"
  },
  "null_after": {
   "null_rows": 0,
   "live_rows": 2161840
  }
 },
 "incremental_snapshot": {
  "reads_applied": 2039800,
  "seconds_from_signal_to_last_read": 36.3
 },
 "clickhouse_throttle_steps": [
  {
   "cpus": 0.5,
   "lag_growth_per_s": -273
  },
  {
   "cpus": 0.3,
   "lag_growth_per_s": 187
  },
  {
   "cpus": 0.2,
   "lag_growth_per_s": 34
  },
  {
   "cpus": 0.12,
   "lag_growth_per_s": 3525
  },
  {
   "cpus": 0.08,
   "lag_growth_per_s": 9065
  }
 ]
}
exit=0
