
[02:30:11] resetting environment

[02:30:16] run capture-pressure-20260913T210016Z

[02:30:16] starting PostgreSQL, Kafka, ClickHouse (seeding 2000000 + 500000 rows)
 Network cdc-lab_lab Creating 
 Network cdc-lab_lab Created 
 Volume cdc-lab_ch-data Creating 
 Volume cdc-lab_ch-data Created 
 Volume cdc-lab_pg-data Creating 
 Volume cdc-lab_pg-data Created 
 Container cdc-lab-postgres-1 Creating 
 Container cdc-lab-kafka-1 Creating 
 Container cdc-lab-clickhouse-1 Creating 
 Container cdc-lab-clickhouse-1 Created 
 Container cdc-lab-postgres-1 Created 
 Container cdc-lab-kafka-1 Created 
 Container cdc-lab-kafka-1 Starting 
 Container cdc-lab-postgres-1 Starting 
 Container cdc-lab-clickhouse-1 Starting 
 Container cdc-lab-kafka-1 Started 
 Container cdc-lab-postgres-1 Started 
 Container cdc-lab-clickhouse-1 Started 
 Container cdc-lab-kafka-1 Waiting 
 Container cdc-lab-postgres-1 Waiting 
 Container cdc-lab-clickhouse-1 Waiting 
 Container cdc-lab-postgres-1 Healthy 
 Container cdc-lab-kafka-1 Healthy 
 Container cdc-lab-clickhouse-1 Healthy 
 Container cdc-lab-postgres-1 Running 
 Container cdc-lab-kafka-1 Running 
 Container cdc-lab-clickhouse-1 Running 
 Container cdc-lab-tools-1 Creating 
 Container cdc-lab-collector-1 Creating 
 Container cdc-lab-collector-1 Created 
 Container cdc-lab-tools-1 Created 
 Container cdc-lab-kafka-1 Waiting 
 Container cdc-lab-clickhouse-1 Waiting 
 Container cdc-lab-postgres-1 Waiting 
 Container cdc-lab-kafka-1 Waiting 
 Container cdc-lab-kafka-1 Healthy 
 Container cdc-lab-clickhouse-1 Healthy 
 Container cdc-lab-tools-1 Starting 
 Container cdc-lab-postgres-1 Healthy 
 Container cdc-lab-kafka-1 Healthy 
 Container cdc-lab-collector-1 Starting 
 Container cdc-lab-collector-1 Started 
 Container cdc-lab-tools-1 Started 
 Container cdc-lab-kafka-1 Running 
 Container cdc-lab-postgres-1 Running 
 Container cdc-lab-connect-1-1 Creating 
 Container cdc-lab-connect-1-1 Created 
 Container cdc-lab-kafka-1 Waiting 
 Container cdc-lab-postgres-1 Waiting 
 Container cdc-lab-postgres-1 Healthy 
 Container cdc-lab-kafka-1 Healthy 
 Container cdc-lab-connect-1-1 Starting 
 Container cdc-lab-connect-1-1 Started 
{"ts_ms":1789333239567,"event":"connect-worker-ready","detail":{"worker":"connect-1","attempt":1}}
 Container cdc-lab-postgres-1 Running 
 Container cdc-lab-kafka-1 Running 
 Container cdc-lab-connect-2-1 Creating 
 Container cdc-lab-connect-2-1 Created 
 Container cdc-lab-kafka-1 Waiting 
 Container cdc-lab-postgres-1 Waiting 
 Container cdc-lab-kafka-1 Healthy 
 Container cdc-lab-postgres-1 Healthy 
 Container cdc-lab-connect-2-1 Starting 
 Container cdc-lab-connect-2-1 Started 
{"ts_ms":1789333250384,"event":"connect-worker-ready","detail":{"worker":"connect-2","attempt":1}}
{"ts_ms":1789333251391,"event":"environment-ready","detail":{"postgres": "18.6 (Debian 18.6-1.pgdg13+2)", "clickhouse": "26.8.3.105", "kafka_image": "apache/kafka:4.3.1", "debezium_image": "quay.io/debezium/connect:3.6.2.Final", "connect": {"kafka_connect": "4.3.0", "postgres_plugin": [{"class": "io.debezium.connector.postgresql.PostgresConnector", "type": "source", "version": "3.6.2.Final"}]}, "docker_cpus": 15, "docker_memory_bytes": 8321011712, "host": "Apple M5 Pro"}}
{"ts_ms":1789333251411,"event":"connector-register","detail":{"snapshot.mode":"initial"}}
201 {"name":"pg-devices","config":{"connector.class":"io.debezium.connector.postgresql.PostgresConnector","tasks.max":"1","database.hostname":"postgres","database.port":"5432","database.dbname":"devices","database.user":"cdc_capture","database.password":"${env:CDC_CAPTURE_PASSWORD}","topic.prefix":"pg-devices","plugin.name":"pgoutput","slot.name":"cdc_devices_clickhouse","publication.name":"cdc_devices","publication.autocreate.mode":"disabled","table.include.list":"ops.device_registry,ops.device_sta
 Container cdc-lab-kafka-1 Running 
 Container cdc-lab-clickhouse-1 Running 
 Container cdc-lab-sink-2 Creating 
 Container cdc-lab-sink-1 Creating 
 Container cdc-lab-sink-1 Created 
 Container cdc-lab-sink-2 Created 
 Container cdc-lab-clickhouse-1 Waiting 
 Container cdc-lab-kafka-1 Waiting 
 Container cdc-lab-clickhouse-1 Healthy 
 Container cdc-lab-kafka-1 Healthy 
 Container cdc-lab-sink-2 Starting 
 Container cdc-lab-sink-2 Started 
 Container cdc-lab-sink-1 Starting 
 Container cdc-lab-sink-1 Started 
RUNNING

[02:30:53] load: source=2500000 clickhouse=10000

[02:31:08] load: source=2500000 clickhouse=1180000

[02:31:24] load: source=2500000 clickhouse=2446370

[02:31:39] load: source=2500000 clickhouse=2500000
{"ts_ms":1789333299702,"event":"initial-load-complete","detail":{}}
{"ts_ms":1789333299725,"event":"generator-rate","detail":{"rate":20000}}
 Container cdc-lab-postgres-1 Running 
 Container cdc-lab-generator-1 Creating 
 Container cdc-lab-generator-1 Created 
 Container cdc-lab-postgres-1 Waiting 
 Container cdc-lab-postgres-1 Healthy 
 Container cdc-lab-generator-1 Starting 
 Container cdc-lab-generator-1 Started 
{"ts_ms":1789333300667,"event":"baseline-start","detail":{"lambda":20000}}
{"ts_ms":1789333420766,"event":"kafka-paused","detail":{"retained_wal_bytes":468565928}}
{"ts_ms":1789333661204,"event":"kafka-unpaused","detail":{"retained_wal_bytes":1574726984}}

[02:39:46] reached: capture and sink caught up
{"ts_ms":1789333786432,"event":"caught-up","detail":{"seconds_after_unpause":124}}
{"ts_ms":1789333906514,"event":"generator-rate","detail":{"rate":0}}
 Container cdc-lab-generator-1 Stopping 
 Container cdc-lab-generator-1 Stopped 
{"ts_ms":1789333908066,"event":"generator-stopped","detail":{}}
waiting: end_offsets=14633489 lag=0
waiting: end_offsets=14633489 lag=0
waiting: end_offsets=14633489 lag=0
waiting: end_offsets=14633489 lag=0
waiting: end_offsets=14633489 lag=0
waiting: end_offsets=14633489 lag=0
waiting: end_offsets=14633489 lag=0
waiting: end_offsets=14633489 lag=0
waiting: end_offsets=14633489 lag=0
waiting: end_offsets=14633489 lag=0
waiting: end_offsets=14633489 lag=0
waiting: end_offsets=14633489 lag=0
waiting: end_offsets=14633489 lag=0
waiting: end_offsets=14633489 lag=0
waiting: end_offsets=14633489 lag=0
waiting: end_offsets=14633489 lag=0
waiting: end_offsets=14633489 lag=0
waiting: end_offsets=14633489 lag=0
waiting: end_offsets=14633489 lag=0
quiet: end offsets 14633489 unchanged for 90s, sink lag 0
{
 "label": "final",
 "ts_ms": 1789334003892,
 "contract_version": 1,
 "tables": {
  "device_registry": {
   "columns_compared": [
    "device_id",
    "tenant_id",
    "serial_number",
    "model",
    "gateway_id",
    "status",
    "firmware_version",
    "updated_at_ms"
   ],
   "source_rows": 2082939,
   "clickhouse_logical_rows": 2082939,
   "clickhouse_logical_duplicate_keys": 0,
   "clickhouse_physical_rows": 2553727,
   "clickhouse_physical_extra_versions": 457602,
   "mismatched_buckets": 0,
   "missing_in_clickhouse": 0,
   "ghost_rows_in_clickhouse": 0,
   "content_mismatches": 0,
   "samples": {
    "missing": [],
    "ghost": [],
    "content": []
   },
   "converged": true,
   "seconds": 3.3
  },
  "device_status": {
   "columns_compared": [
    "device_id",
    "tenant_id",
    "battery_pct",
    "signal_dbm",
    "connectivity",
    "last_seen_ms",
    "updated_at_ms"
   ],
   "source_rows": 500000,
   "clickhouse_logical_rows": 500000,
   "clickhouse_logical_duplicate_keys": 0,
   "clickhouse_physical_rows": 1150215,
   "clickhouse_physical_extra_versions": 650215,
   "mismatched_buckets": 0,
   "missing_in_clickhouse": 0,
   "ghost_rows_in_clickhouse": 0,
   "content_mismatches": 0,
   "samples": {
    "missing": [],
    "ghost": [],
    "content": []
   },
   "converged": true,
   "seconds": 0.7
  }
 },
 "history": {
  "deliveries": 14632581,
  "distinct_change_events": 14616207,
  "distinct_kafka_records": 14620303,
  "sink_replays": 12278,
  "capture_replays": 4096,
  "delete_deliveries": 13196,
  "snapshot_read_deliveries": 2500000
 },
 "converged": true
}
{"ts_ms":1789334015141,"event":"oom-check","detail":{"cdc-lab-clickhouse-1":false,"cdc-lab-collector-1":false,"cdc-lab-connect-1-1":false,"cdc-lab-connect-2-1":false,"cdc-lab-generator-1":false,"cdc-lab-kafka-1":false,"cdc-lab-postgres-1":false,"cdc-lab-sink-1":false,"cdc-lab-sink-2":false,"cdc-lab-tools-1":false}}
{
 "outage_s": 240.40000000000003,
 "wal_growth_bytes_per_s": 5182775.7,
 "source_changes_per_s_during_outage": 20000.0,
 "source_changes_per_s_baseline": 19997.1,
 "retained_wal_bytes_at_unpause": 1574726984,
 "task_states_during_outage": [
  "RUNNING"
 ],
 "catch_up_s_after_unpause": 124,
 "peak_retained_wal_bytes": 1928590096
}
exit=0
