
[02:58:58] resetting environment

[02:59:02] run recovery-20260913T212902Z

[02:59:02] starting PostgreSQL, Kafka, ClickHouse (seeding 2000000 + 500000 rows)
 Network cdc-lab_lab Creating 
 Network cdc-lab_lab Created 
 Volume cdc-lab_pg-data Creating 
 Volume cdc-lab_pg-data Created 
 Volume cdc-lab_ch-data Creating 
 Volume cdc-lab_ch-data Created 
 Container cdc-lab-kafka-1 Creating 
 Container cdc-lab-postgres-1 Creating 
 Container cdc-lab-clickhouse-1 Creating 
 Container cdc-lab-postgres-1 Created 
 Container cdc-lab-clickhouse-1 Created 
 Container cdc-lab-kafka-1 Created 
 Container cdc-lab-clickhouse-1 Starting 
 Container cdc-lab-postgres-1 Starting 
 Container cdc-lab-kafka-1 Starting 
 Container cdc-lab-kafka-1 Started 
 Container cdc-lab-clickhouse-1 Started 
 Container cdc-lab-postgres-1 Started 
 Container cdc-lab-kafka-1 Waiting 
 Container cdc-lab-postgres-1 Waiting 
 Container cdc-lab-clickhouse-1 Waiting 
 Container cdc-lab-postgres-1 Healthy 
 Container cdc-lab-clickhouse-1 Healthy 
 Container cdc-lab-kafka-1 Healthy 
 Container cdc-lab-kafka-1 Running 
 Container cdc-lab-postgres-1 Running 
 Container cdc-lab-tools-1 Creating 
 Container cdc-lab-clickhouse-1 Running 
 Container cdc-lab-collector-1 Creating 
 Container cdc-lab-tools-1 Created 
 Container cdc-lab-collector-1 Created 
 Container cdc-lab-kafka-1 Waiting 
 Container cdc-lab-kafka-1 Waiting 
 Container cdc-lab-clickhouse-1 Waiting 
 Container cdc-lab-postgres-1 Waiting 
 Container cdc-lab-postgres-1 Healthy 
 Container cdc-lab-kafka-1 Healthy 
 Container cdc-lab-clickhouse-1 Healthy 
 Container cdc-lab-kafka-1 Healthy 
 Container cdc-lab-collector-1 Starting 
 Container cdc-lab-tools-1 Starting 
 Container cdc-lab-collector-1 Started 
 Container cdc-lab-tools-1 Started 
 Container cdc-lab-postgres-1 Running 
 Container cdc-lab-kafka-1 Running 
 Container cdc-lab-connect-1-1 Creating 
 Container cdc-lab-connect-1-1 Created 
 Container cdc-lab-kafka-1 Waiting 
 Container cdc-lab-postgres-1 Waiting 
 Container cdc-lab-kafka-1 Healthy 
 Container cdc-lab-postgres-1 Healthy 
 Container cdc-lab-connect-1-1 Starting 
 Container cdc-lab-connect-1-1 Started 
{"ts_ms":1789334960272,"event":"connect-worker-ready","detail":{"worker":"connect-1","attempt":1}}
 Container cdc-lab-kafka-1 Running 
 Container cdc-lab-postgres-1 Running 
 Container cdc-lab-connect-2-1 Creating 
 Container cdc-lab-connect-2-1 Created 
 Container cdc-lab-kafka-1 Waiting 
 Container cdc-lab-postgres-1 Waiting 
 Container cdc-lab-kafka-1 Healthy 
 Container cdc-lab-postgres-1 Healthy 
 Container cdc-lab-connect-2-1 Starting 
 Container cdc-lab-connect-2-1 Started 
{"ts_ms":1789334971155,"event":"connect-worker-ready","detail":{"worker":"connect-2","attempt":1}}
{"ts_ms":1789334972161,"event":"environment-ready","detail":{"postgres": "18.6 (Debian 18.6-1.pgdg13+2)", "clickhouse": "26.8.3.105", "kafka_image": "apache/kafka:4.3.1", "debezium_image": "quay.io/debezium/connect:3.6.2.Final", "connect": {"kafka_connect": "4.3.0", "postgres_plugin": [{"class": "io.debezium.connector.postgresql.PostgresConnector", "type": "source", "version": "3.6.2.Final"}]}, "docker_cpus": 15, "docker_memory_bytes": 8321011712, "host": "Apple M5 Pro"}}
{"ts_ms":1789334972184,"event":"connector-register","detail":{"snapshot.mode":"initial"}}
201 {"name":"pg-devices","config":{"connector.class":"io.debezium.connector.postgresql.PostgresConnector","tasks.max":"1","database.hostname":"postgres","database.port":"5432","database.dbname":"devices","database.user":"cdc_capture","database.password":"${env:CDC_CAPTURE_PASSWORD}","topic.prefix":"pg-devices","plugin.name":"pgoutput","slot.name":"cdc_devices_clickhouse","publication.name":"cdc_devices","publication.autocreate.mode":"disabled","table.include.list":"ops.device_registry,ops.device_sta
 Container cdc-lab-kafka-1 Running 
 Container cdc-lab-clickhouse-1 Running 
 Container cdc-lab-sink-2 Creating 
 Container cdc-lab-sink-1 Creating 
 Container cdc-lab-sink-2 Created 
 Container cdc-lab-sink-1 Created 
 Container cdc-lab-clickhouse-1 Waiting 
 Container cdc-lab-kafka-1 Waiting 
 Container cdc-lab-kafka-1 Healthy 
 Container cdc-lab-clickhouse-1 Healthy 
 Container cdc-lab-sink-2 Starting 
 Container cdc-lab-sink-2 Started 
 Container cdc-lab-sink-1 Starting 
 Container cdc-lab-sink-1 Started 
RUNNING

[02:59:34] load: source=2500000 clickhouse=10000

[02:59:49] load: source=2500000 clickhouse=1170000

[03:00:04] load: source=2500000 clickhouse=2266212

[03:00:20] load: source=2500000 clickhouse=2500000
{"ts_ms":1789335020421,"event":"initial-load-complete","detail":{}}

[03:00:20] baseline at 20000 changes/s
{"ts_ms":1789335020899,"event":"generator-rate","detail":{"rate":20000}}
 Container cdc-lab-postgres-1 Running 
 Container cdc-lab-generator-1 Creating 
 Container cdc-lab-generator-1 Created 
 Container cdc-lab-postgres-1 Waiting 
 Container cdc-lab-postgres-1 Healthy 
 Container cdc-lab-generator-1 Starting 
 Container cdc-lab-generator-1 Started 
{"ts_ms":1789335021838,"event":"baseline-start","detail":{"lambda":20000,"mu_measured":73105}}

[03:03:21] schema change: device_registry.firmware_channel
{"ts_ms":1789335202178,"event":"source-ddl","detail":{"ddl":"ALTER TABLE ops.device_registry ADD COLUMN firmware_channel text NOT NULL DEFAULT 'stable'"}}
{"ts_ms":1789335247520,"event":"contract-v2","detail":{"clickhouse":"ADD COLUMN firmware_channel Nullable(String)"}}
{"ts_ms":1789335277890,"event":"new-column-null-before-backfill","detail":{"null_rows":1984742,"live_rows":2016796,"source_value":"stable"}}

[03:04:37] incremental snapshot of device_registry (backfills firmware_channel for rows no event has touched)
{"ts_ms":1789335278037,"event":"incremental-snapshot-signal","detail":{"signal_id":"snap-1789335277915","collections":["ops.device_registry"]}}

[03:05:23] throttling ClickHouse until the sink falls behind the live rate (600s in total)
{"ts_ms":1789335368289,"event":"clickhouse-throttled","detail":{"cpus":0.5,"lag_growth_per_s":-206}}
{"ts_ms":1789335413511,"event":"clickhouse-throttled","detail":{"cpus":0.3,"lag_growth_per_s":79}}
{"ts_ms":1789335458737,"event":"clickhouse-throttled","detail":{"cpus":0.2,"lag_growth_per_s":49}}
{"ts_ms":1789335503939,"event":"clickhouse-throttled","detail":{"cpus":0.12,"lag_growth_per_s":3323}}
{"ts_ms":1789335549163,"event":"clickhouse-throttled","detail":{"cpus":0.08,"lag_growth_per_s":12638}}

[03:09:54] killing Connect worker that runs the capture task: connect-2
{"ts_ms":1789335594683,"event":"connect-worker-killed","detail":{"worker":"connect-2","slot_confirmed_flush_lsn":"0/A0BCE408"}}

[03:10:55] arming sink crash after insert, before offset commit
{"ts_ms":1789335655068,"event":"sink-crash-armed","detail":{}}

[03:11:55] explicit delete batch of 5000 devices
{"ts_ms":1789335716255,"event":"delete-batch","detail":{"keys":5000}}

[03:11:56] reached: capture task running on a surviving worker
{"ts_ms":1789335716330,"event":"capture-task-running","detail":{"worker":"connect-1:8083"}}

[03:11:56] restarting killed worker connect-2
{"ts_ms":1789335716532,"event":"connect-worker-restarted","detail":{"worker":"connect-2"}}
{"ts_ms":1789335923788,"event":"clickhouse-restored","detail":{"backlog":6111435,"lambda_observed":19997,"mu_measured":73105,"predicted_drain_s":115}}

[03:17:59] reached: backlog drained (oldest unapplied change < 5 s)
{"ts_ms":1789336079047,"event":"backlog-drained","detail":{"observed_drain_s":155,"predicted_drain_s":115}}
{"ts_ms":1789336259128,"event":"steady-state-after-recovery","detail":{}}
{"ts_ms":1789336259876,"event":"new-column-null-after-backfill","detail":{"null_rows":0,"live_rows":2150251}}

[03:20:59] stop load, wait for quiescence, reconcile
{"ts_ms":1789336259904,"event":"generator-rate","detail":{"rate":0}}
 Container cdc-lab-generator-1 Stopping 
 Container cdc-lab-generator-1 Stopped 
{"ts_ms":1789336261219,"event":"generator-stopped","detail":{}}
waiting: end_offsets=27730794 lag=0
waiting: end_offsets=27730794 lag=0
waiting: end_offsets=27730794 lag=0
waiting: end_offsets=27730794 lag=0
waiting: end_offsets=27730794 lag=0
waiting: end_offsets=27730794 lag=0
waiting: end_offsets=27730794 lag=0
waiting: end_offsets=27730794 lag=0
waiting: end_offsets=27730794 lag=0
waiting: end_offsets=27730794 lag=0
waiting: end_offsets=27730794 lag=0
waiting: end_offsets=27730794 lag=0
waiting: end_offsets=27730794 lag=0
waiting: end_offsets=27730794 lag=0
waiting: end_offsets=27730794 lag=0
waiting: end_offsets=27730794 lag=0
waiting: end_offsets=27730794 lag=0
waiting: end_offsets=27730794 lag=0
waiting: end_offsets=27730794 lag=0
quiet: end offsets 27730794 unchanged for 90s, sink lag 0
{
 "label": "final",
 "ts_ms": 1789336357143,
 "contract_version": 2,
 "tables": {
  "device_registry": {
   "columns_compared": [
    "device_id",
    "tenant_id",
    "serial_number",
    "model",
    "gateway_id",
    "status",
    "firmware_version",
    "updated_at_ms",
    "firmware_channel"
   ],
   "source_rows": 2150391,
   "clickhouse_logical_rows": 2150391,
   "clickhouse_logical_duplicate_keys": 0,
   "clickhouse_physical_rows": 5027041,
   "clickhouse_physical_extra_versions": 2847641,
   "mismatched_buckets": 0,
   "missing_in_clickhouse": 0,
   "ghost_rows_in_clickhouse": 0,
   "content_mismatches": 0,
   "samples": {
    "missing": [],
    "ghost": [],
    "content": []
   },
   "evidence": {},
   "converged": true,
   "seconds": 3.9
  },
  "device_status": {
   "columns_compared": [
    "device_id",
    "tenant_id",
    "battery_pct",
    "signal_dbm",
    "connectivity",
    "last_seen_ms",
    "updated_at_ms"
   ],
   "source_rows": 500000,
   "clickhouse_logical_rows": 500000,
   "clickhouse_logical_duplicate_keys": 0,
   "clickhouse_physical_rows": 1567620,
   "clickhouse_physical_extra_versions": 1067620,
   "mismatched_buckets": 0,
   "missing_in_clickhouse": 0,
   "ghost_rows_in_clickhouse": 0,
   "content_mismatches": 0,
   "samples": {
    "missing": [],
    "ghost": [],
    "content": []
   },
   "evidence": {},
   "converged": true,
   "seconds": 0.7
  }
 },
 "explicit_delete_batch": {
  "keys": 5000,
  "still_in_source": 0,
  "still_visible_in_clickhouse": 0
 },
 "history": {
  "deliveries": 27710370,
  "distinct_change_events": 26467928,
  "distinct_kafka_records": 27700394,
  "sink_replays": 9976,
  "capture_replays": 1232466,
  "delete_deliveries": 30424,
  "snapshot_read_deliveries": 4519339
 },
 "version_ordering": {
  "device_registry": {
   "keys": 2179400,
   "last_event_differs": 0,
   "final_state_differs": 0,
   "sample_keys": []
  },
  "device_status": {
   "keys": 500000,
   "last_event_differs": 0,
   "final_state_differs": 0,
   "sample_keys": []
  }
 },
 "converged": true
}
{"ts_ms":1789336396749,"event":"oom-check","detail":{"cdc-lab-clickhouse-1":false,"cdc-lab-collector-1":false,"cdc-lab-connect-1-1":false,"cdc-lab-connect-2-1":false,"cdc-lab-generator-1":false,"cdc-lab-kafka-1":false,"cdc-lab-postgres-1":false,"cdc-lab-sink-1":false,"cdc-lab-sink-2":false,"cdc-lab-tools-1":false}}
{
 "freshness_baseline": {
  "applied": 2474,
  "p50_ms": 2413,
  "p95_ms": 2466,
  "p99_ms": 2473
 },
 "freshness_worst_10s_bucket_p99_ms": 341005,
 "drain": {
  "backlog": 6111435,
  "lambda_observed": 19997,
  "mu_measured": 73105,
  "predicted_drain_s": 115,
  "observed_drain_s": 155
 },
 "freshness_after_recovery": {
  "applied": 2394121,
  "p50_ms": 916,
  "p95_ms": 1319,
  "p99_ms": 1439
 },
 "peak_sink_lag_records": 6358563,
 "peak_oldest_unapplied_age_ms": 319795,
 "peak_retained_wal_bytes": 740097824,
 "peak_wal_status": [
  "reserved"
 ],
 "worker_kill": {
  "worker": "connect-2",
  "capture_resumed_after_s": 12.1,
  "status_said_running_on_dead_worker_s": 6.3,
  "states_seen": [
   "RUNNING"
  ],
  "resumed_on": "connect-1:8083",
  "peak_unconfirmed_wal_bytes_during_outage": 227190528
 },
 "sink_crash": {
  "rows_in_crashed_batch": 9976,
  "offsets": {
   "pg-devices.ops.device_registry[2]": [
    767839,
    769007
   ],
   "pg-devices.ops.device_status[0]": [
    1352468,
    1361298
   ]
  }
 },
 "unmapped_field_events": [
  {
   "ts_ms": 1789335230775,
   "event": "sink-unmapped-fields",
   "sink_id": "70ca11ec778b",
   "fields": [
    "device_registry.firmware_channel"
   ],
   "contract_version": 1
  },
  {
   "ts_ms": 1789335231838,
   "event": "sink-unmapped-fields",
   "sink_id": "d402ecff9b54",
   "fields": [
    "device_registry.firmware_channel"
   ],
   "contract_version": 1
  }
 ],
 "schema_backfill": {
  "null_before": {
   "null_rows": 1984742,
   "live_rows": 2016796,
   "source_value": "stable"
  },
  "null_after": {
   "null_rows": 0,
   "live_rows": 2150251
  }
 },
 "incremental_snapshot": {
  "reads_applied": 2019339,
  "seconds_from_signal_to_last_read": 32.4
 },
 "clickhouse_throttle_steps": [
  {
   "cpus": 0.5,
   "lag_growth_per_s": -206
  },
  {
   "cpus": 0.3,
   "lag_growth_per_s": 79
  },
  {
   "cpus": 0.2,
   "lag_growth_per_s": 49
  },
  {
   "cpus": 0.12,
   "lag_growth_per_s": 3323
  },
  {
   "cpus": 0.08,
   "lag_growth_per_s": 12638
  }
 ]
}
